Microchip MPLAB XC8 Compiler V2.50

Linker command line:

-W-3 \
  --edf=C:\Program Files\Microchip\xc8\v2.50\pic\dat\20240725155939_en.msgs \
  -pivt0x8=08h -cn -h+dist/default/production\receiver.X.production.sym \
  --cmf=dist/default/production\receiver.X.production.cmf -z -Q18F24Q24 \
  -oC:\Users\rkfmv\AppData\Local\Temp\xcAshlo.\driver_tmp_3.o \
  --defsym=__MPLAB_BUILD=1 --fixupoverflow=error \
  -Mdist/default/production/receiver.X.production.map \
  --md=C:\Users\rkfmv\AppData\Local\Temp\xcAshlo.\driver_tmp_0.dat -E1 \
  -ver=XC8 Compiler --acfsm=1493 -ACODE=00h-07FFFh -ACONST=00h-07FFFh \
  -ASMALLCONST=0E00h-0EFFhx114 -AMEDIUMCONST=0E00h-07FFFh \
  -ACOMRAM=0501h-055Fh -AABS1=0500h-0CFFh -ABIGRAM=0501h-0CFFh \
  -ARAM=0560h-05FFh,0600h-06FFhx7 -ABANK5=0560h-05FFh -ABANK6=0600h-06FFh \
  -ABANK7=0700h-07FFh -ABANK8=0800h-08FFh -ABANK9=0900h-09FFh \
  -ABANK10=0A00h-0AFFh -ABANK11=0B00h-0BFFh -ABANK12=0C00h-0CFFh \
  -ASFR=00h-0FFhx4,0400h-045Fh,0460h-04FFh,0D00h-0DFFh \
  -ABIGSFR=00h-04FFh,0D00h-0DFFh -ACONFIG=0300000h-030001Dh \
  -AIDLOC=0200000h-020003Fh -AEEDATA=0380000h-03801FFh -peeprom_data=EEDATA \
  -preset_vec=00h -ppowerup=CODE,init -pramtop=0E00h \
  -psmallconst=SMALLCONST -pmediumconst=MEDIUMCONST -pconst=CONST \
  -AFARRAM=00h-00h \
  -prdata=COMRAM,nvrram=COMRAM,nvbit=COMRAM,rbss=COMRAM,rbit=COMRAM \
  -pfarbss=FARRAM,fardata=FARRAM,nvFARRAM=FARRAM \
  -pintsave_regs=BIGRAM,bigbss=BIGRAM,bigdata=BIGRAM -pbss=RAM \
  -pidata=CODE,irdata=CODE,ibigdata=CODE,ifardata=CODE -prparam=COMRAM \
  C:\Users\rkfmv\AppData\Local\Temp\xcAshlo.\driver_tmp_9.o \
  dist/default/production\receiver.X.production.o 

Object code version is 3.11

Machine type is 18F24Q24



                Name                               Link     Load   Length Selector   Space Scale
C:\Users\rkfmv\AppData\Local\Temp\xcAshlo.\driver_tmp_9.o
                config                           300000   300000       1D        0       4
                init                                 1A       1A        4        4       0
                reset_vec                             0        0        4        0       0
dist/default/production\receiver.X.production.o
                config                           300000   300000       1D        0       4
                smallconst                          E00      E00       3E      700       0
                ivt0x8                                8        8       12        4       0
                text69                             20B6     20B6        2      71F       0
                text68                             1CB8     1CB8       3C      71F       0
                text67                             1BA4     1BA4       50      71F       0
                text66                             1EE2     1EE2       1E      71F       0
                text65                             20B4     20B4        2      71F       0
                text64                             20B2     20B2        2      71F       0
                text63                             133E     133E      126      71F       0
                text62                             1D2E     1D2E       36      71F       0
                text61                             1C36     1C36       42      71F       0
                text60                             1B52     1B52       52      71F       0
                text59                             1F8A     1F8A       1A      71F       0
                text58                             2094     2094        A      71F       0
                text57                             208A     208A        A      71F       0
                text56                             2080     2080        A      71F       0
                text55                             1D98     1D98       34      71F       0
                text54                             15AA     15AA       A2      71F       0
                text53                             2076     2076        A      71F       0
                text52                             206C     206C        A      71F       0
                text51                             2062     2062        A      71F       0
                text50                             1AA0     1AA0       60      71F       0
                text49                             2058     2058        A      71F       0
                text48                             204E     204E        A      71F       0
                text47                             2044     2044        A      71F       0
                text46                             1A40     1A40       60      71F       0
                text45                             203A     203A        A      71F       0
                text44                             1DFC     1DFC       30      71F       0
                text43                             1F54     1F54       1C      71F       0
                text42                             1F38     1F38       1C      71F       0
                text41                             1F1C     1F1C       1C      71F       0
                text40                             1810     1810       8A      71F       0
                text39                             20A4     20A4        6      71F       0
                text38                             1EC0     1EC0       22      71F       0
                text37                              E3E      E3E      1DE      71F       0
                text36                             1BF4     1BF4       42      71F       0
                text35                             1B00     1B00       52      71F       0
                text34                             1F70     1F70       1A      71F       0
                text33                             2030     2030        A      71F       0
                text32                             2026     2026        A      71F       0
                text31                             201C     201C        A      71F       0
                text30                             1D64     1D64       34      71F       0
                text29                             1508     1508       A2      71F       0
                text28                             2012     2012        A      71F       0
                text27                             2008     2008        A      71F       0
                text26                             1FFE     1FFE        A      71F       0
                text25                             19E0     19E0       60      71F       0
                text24                             1FF4     1FF4        A      71F       0
                text23                             1FEA     1FEA        A      71F       0
                text22                             1FE0     1FE0        A      71F       0
                text21                             1980     1980       60      71F       0
                text20                             1FA4     1FA4       14      71F       0
                text19                             1CF4     1CF4       3A      71F       0
                text18                             1E78     1E78       26      71F       0
                text17                             1E52     1E52       26      71F       0
                text16                             1E2C     1E2C       26      71F       0
                text15                             177C     177C       94      71F       0
                text14                             209E     209E        6      71F       0
                text13                             1E9E     1E9E       22      71F       0
                text12                             1F00     1F00       1C      71F       0
                text11                             20AE     20AE        4      71F       0
                text10                             1FD6     1FD6        A      71F       0
                text9                              1FCC     1FCC        A      71F       0
                text8                              1464     1464       A4      71F       0
                text7                              1916     1916       6A      71F       0
                text6                              16E4     16E4       98      71F       0
                text5                              20AA     20AA        4      71F       0
                text4                              1FC2     1FC2        A      71F       0
                text3                              1FB8     1FB8        A      71F       0
                text2                              164C     164C       98      71F       0
                text1                              101C     101C      1C4      71F       0
                text0                              11E0     11E0      15E      71F       0
                cstackCOMRAM                        501      501       2E      501       1
                cstackBANK5                         5DF      5DF       14      560       1
                dataBANK6                           690      690       40      600       1
                bssBANK6                            600      600       90      600       1
                dataBANK5                           5AF      5AF       30      560       1
                bssBANK5                            560      560       4F      560       1
                bssCOMRAM                           52F      52F       1C      501       1
                cinit                              189A     189A       7C      71F       0
                idataBANK6                         1C78     1C78       40      71F       0
                idataBANK5                         1DCC     1DCC       30      71F       0

TOTAL           Name                               Link     Load   Length     Space
        CLASS   CODE           
                init                                 1A       1A        4         0
                reset_vec                             0        0        4         0
                ivt0x8                                8        8       12         0
                text69                             20B6     20B6        2         0
                text68                             1CB8     1CB8       3C         0
                text67                             1BA4     1BA4       50         0
                text66                             1EE2     1EE2       1E         0
                text65                             20B4     20B4        2         0
                text64                             20B2     20B2        2         0
                text63                             133E     133E      126         0
                text62                             1D2E     1D2E       36         0
                text61                             1C36     1C36       42         0
                text60                             1B52     1B52       52         0
                text59                             1F8A     1F8A       1A         0
                text58                             2094     2094        A         0
                text57                             208A     208A        A         0
                text56                             2080     2080        A         0
                text55                             1D98     1D98       34         0
                text54                             15AA     15AA       A2         0
                text53                             2076     2076        A         0
                text52                             206C     206C        A         0
                text51                             2062     2062        A         0
                text50                             1AA0     1AA0       60         0
                text49                             2058     2058        A         0
                text48                             204E     204E        A         0
                text47                             2044     2044        A         0
                text46                             1A40     1A40       60         0
                text45                             203A     203A        A         0
                text44                             1DFC     1DFC       30         0
                text43                             1F54     1F54       1C         0
                text42                             1F38     1F38       1C         0
                text41                             1F1C     1F1C       1C         0
                text40                             1810     1810       8A         0
                text39                             20A4     20A4        6         0
                text38                             1EC0     1EC0       22         0
                text37                              E3E      E3E      1DE         0
                text36                             1BF4     1BF4       42         0
                text35                             1B00     1B00       52         0
                text34                             1F70     1F70       1A         0
                text33                             2030     2030        A         0
                text32                             2026     2026        A         0
                text31                             201C     201C        A         0
                text30                             1D64     1D64       34         0
                text29                             1508     1508       A2         0
                text28                             2012     2012        A         0
                text27                             2008     2008        A         0
                text26                             1FFE     1FFE        A         0
                text25                             19E0     19E0       60         0
                text24                             1FF4     1FF4        A         0
                text23                             1FEA     1FEA        A         0
                text22                             1FE0     1FE0        A         0
                text21                             1980     1980       60         0
                text20                             1FA4     1FA4       14         0
                text19                             1CF4     1CF4       3A         0
                text18                             1E78     1E78       26         0
                text17                             1E52     1E52       26         0
                text16                             1E2C     1E2C       26         0
                text15                             177C     177C       94         0
                text14                             209E     209E        6         0
                text13                             1E9E     1E9E       22         0
                text12                             1F00     1F00       1C         0
                text11                             20AE     20AE        4         0
                text10                             1FD6     1FD6        A         0
                text9                              1FCC     1FCC        A         0
                text8                              1464     1464       A4         0
                text7                              1916     1916       6A         0
                text6                              16E4     16E4       98         0
                text5                              20AA     20AA        4         0
                text4                              1FC2     1FC2        A         0
                text3                              1FB8     1FB8        A         0
                text2                              164C     164C       98         0
                text1                              101C     101C      1C4         0
                text0                              11E0     11E0      15E         0
                cinit                              189A     189A       7C         0
                idataBANK6                         1C78     1C78       40         0
                idataBANK5                         1DCC     1DCC       30         0

        CLASS   CONST          

        CLASS   SMALLCONST     
                smallconst                          E00      E00       3E         0

        CLASS   MEDIUMCONST    

        CLASS   COMRAM         
                cstackCOMRAM                        501      501       2E         1
                bssCOMRAM                           52F      52F       1C         1

        CLASS   ABS1           

        CLASS   BIGRAM         

        CLASS   RAM            

        CLASS   BANK5          
                cstackBANK5                         5DF      5DF       14         1
                dataBANK5                           5AF      5AF       30         1
                bssBANK5                            560      560       4F         1

        CLASS   BANK6          
                dataBANK6                           690      690       40         1
                bssBANK6                            600      600       90         1

        CLASS   BANK7          

        CLASS   BANK8          

        CLASS   BANK9          

        CLASS   BANK10         

        CLASS   BANK11         

        CLASS   BANK12         

        CLASS   SFR            

        CLASS   BIGSFR         

        CLASS   CONFIG         
                config                           300000   300000       1D         4

        CLASS   IDLOC          

        CLASS   EEDATA         

        CLASS   FARRAM         

        CLASS   HEAP           

        CLASS   STACK          



SEGMENTS        Name                           Load    Length   Top    Selector   Space  Class

                reset_vec                      000000  000004  000004         0       0  CODE    
                ivt0x8                         000008  000016  00001E         4       0  CODE    
                cstackCOMRAM                   000501  00004A  00054B       501       1  COMRAM  
                bssBANK5                       000560  000093  0005F3       560       1  BANK5   
                bssBANK6                       000600  0000D0  0006D0       600       1  BANK6   
                smallconst                     000E00  00003E  000E3E       700       0  SMALLCON
                text37                         000E3E  00127A  0020B8       71F       0  CODE    


UNUSED ADDRESS RANGES

        Name                Unused          Largest block    Delta
        BANK10           000A00-000AFF              100
        BANK11           000B00-000BFF              100
        BANK12           000C00-000CFF              100
        BANK5            0005F3-0005FF                D
        BANK6            0006D0-0006FF               30
        BANK7            000700-0007FF              100
        BANK8            000800-0008FF              100
        BANK9            000900-0009FF              100
        BIGRAM           00054B-00055F               15
                         0005F3-0005FF                D
                         0006D0-000CFF              630
        BIGSFR           000000-0004FF              500
                         000D00-000DFF              100
        CODE             000004-000007                4
                         00001E-000DFF              DE2
                         0020B8-007FFF             5F48
        COMRAM           00054B-00055F               15
        CONFIG           30001D-30001D                1
        CONST            000004-000007                4
                         00001E-000DFF              DE2
                         0020B8-007FFF             5F48
        EEDATA           380000-3801FF              200
        IDLOC            200000-20003F               40
        MEDIUMCONST      0020B8-007FFF             5F48
        RAM              0005F3-0005FF                D
                         0006D0-000CFF              100
        SFR              000000-0004FF              100
                         000D00-000DFF              100
        SMALLCONST       0020B8-007FFF              100

                                  Symbol Table

?___lldiv                                                       cstackCOMRAM 000522
?___lmul                                                        cstackCOMRAM 000516
DMXRcvCallback@length                                           cstackCOMRAM 00050E
DMXRcvCallback@pData                                            cstackCOMRAM 00050C
INT0_SetInterruptHandler@InterruptHandler                       cstackCOMRAM 000516
INT1_SetInterruptHandler@InterruptHandler                       cstackCOMRAM 000516
INT2_SetInterruptHandler@InterruptHandler                       cstackCOMRAM 000516
INTERRUPT_InterruptManager@dummy                                cstackCOMRAM 000515
INTSTAT_ADDR                                                    (abs)        0000D7
IVTBASEH                                                        (abs)        00045E
IVTBASEL                                                        (abs)        00045D
IVTBASEU                                                        (abs)        00045F
PWM1_16BIT_Period_SetInterruptHandler@InterruptHandler          cstackCOMRAM 000516
PWM1_16BIT_SetDuty8Bit@duty                                     cstackBANK5  0005E1
PWM1_16BIT_SetDuty8Bit@dutyCycleValue                           cstackBANK5  0005E6
PWM1_16BIT_SetDuty8Bit@i                                        cstackBANK5  0005DF
PWM1_16BIT_SetDuty8Bit@period                                   cstackBANK5  0005E4
PWM1_16BIT_SetSlice1Output1DutyCycleRegister@registerValue      cstackCOMRAM 000516
PWM1_16BIT_SetSlice1Output2DutyCycleRegister@registerValue      cstackCOMRAM 000516
PWM1_16BIT_Slice1Output1_SetInterruptHandler@InterruptHandler   cstackCOMRAM 000516
PWM1_16BIT_Slice1Output2_SetInterruptHandler@InterruptHandler   cstackCOMRAM 000516
PWM2_16BIT_Period_SetInterruptHandler@InterruptHandler          cstackCOMRAM 000516
PWM2_16BIT_SetDuty8Bit@duty                                     cstackBANK5  0005E1
PWM2_16BIT_SetDuty8Bit@dutyCycleValue                           cstackBANK5  0005E6
PWM2_16BIT_SetDuty8Bit@i                                        cstackBANK5  0005DF
PWM2_16BIT_SetDuty8Bit@period                                   cstackBANK5  0005E4
PWM2_16BIT_SetSlice1Output1DutyCycleRegister@registerValue      cstackCOMRAM 000516
PWM2_16BIT_SetSlice1Output2DutyCycleRegister@registerValue      cstackCOMRAM 000516
PWM2_16BIT_Slice1Output1_SetInterruptHandler@InterruptHandler   cstackCOMRAM 000516
PWM2_16BIT_Slice1Output2_SetInterruptHandler@InterruptHandler   cstackCOMRAM 000516
TMR0_OverflowCallbackRegister@CallbackHandler                   cstackCOMRAM 000516
UART1_FramingErrorCallbackRegister@callbackHandler              cstackCOMRAM 000516
UART1_OverrunErrorCallbackRegister@callbackHandler              cstackCOMRAM 000516
UART1_ParityErrorCallbackRegister@callbackHandler               cstackCOMRAM 000516
UART1_ReceiveISR@regValue                                       cstackCOMRAM 000510
UART1_RxCompleteCallbackRegister@callbackHandler                cstackCOMRAM 000516
UART1_TransmitISR@tempTxTail                                    cstackCOMRAM 000501
_ACTCON                                                         (abs)        0000AC
_ANSELA                                                         (abs)        000400
_ANSELB                                                         (abs)        000408
_ANSELC                                                         (abs)        000410
_ANSELE                                                         (abs)        000420
_CLOCK_Initialize                                               text34       001F70
_DMASELECT                                                      (abs)        0000E7
_DMA_Initialize                                                 text36       001BF4
_DMAnCON0bits                                                   (abs)        0000FB
_DMAnCON1bits                                                   (abs)        0000FC
_DMAnDSA                                                        (abs)        0000EF
_DMAnDSZ                                                        (abs)        0000ED
_DMAnSIRQ                                                       (abs)        0000FE
_DMAnSSA                                                        (abs)        0000F8
_DMAnSSZ                                                        (abs)        0000F6
_DMXRcvCallback                                                 text66       001EE2
_DMX_Initialize                                                 text35       001B00
_FSCMCON                                                        (abs)        000458
_INLVLA                                                         (abs)        000404
_INLVLB                                                         (abs)        00040C
_INLVLC                                                         (abs)        000414
_INLVLD                                                         (abs)        00041C
_INLVLE                                                         (abs)        000424
_INT0_DefaultInterruptHandler                                   (abs)        000000
_INT0_InterruptHandler                                          bssCOMRAM    000531
_INT0_SetInterruptHandler                                       text33       002030
_INT1_DefaultInterruptHandler                                   (abs)        000000
_INT1_InterruptHandler                                          bssBANK5     000594
_INT1_SetInterruptHandler                                       text32       002026
_INT2_DefaultInterruptHandler                                   (abs)        000000
_INT2_InterruptHandler                                          bssBANK5     000592
_INT2_SetInterruptHandler                                       text31       00201C
_INTCON0bits                                                    (abs)        0004D6
_INTERRUPT_Initialize                                           text30       001D64
_INTERRUPT_InterruptManager                                     text37       000E3E
_IOCAF                                                          (abs)        000407
_IOCAN                                                          (abs)        000406
_IOCAP                                                          (abs)        000405
_IOCBF                                                          (abs)        00040F
_IOCBN                                                          (abs)        00040E
_IOCBP                                                          (abs)        00040D
_IOCCF                                                          (abs)        000417
_IOCCN                                                          (abs)        000416
_IOCCP                                                          (abs)        000415
_IOCDF                                                          (abs)        00041F
_IOCDN                                                          (abs)        00041E
_IOCDP                                                          (abs)        00041D
_IOCEF                                                          (abs)        000427
_IOCEN                                                          (abs)        000426
_IOCEP                                                          (abs)        000425
_IOCWF                                                          (abs)        00043F
_IOCWN                                                          (abs)        00043E
_IOCWP                                                          (abs)        00043D
_LATA                                                           (abs)        000140
_LATB                                                           (abs)        000141
_LATC                                                           (abs)        000142
_ODCONA                                                         (abs)        000402
_ODCONB                                                         (abs)        00040A
_ODCONC                                                         (abs)        000412
_ODCOND                                                         (abs)        00041A
_ODCONE                                                         (abs)        000422
_OSCCON1                                                        (abs)        0000AD
_OSCCON3                                                        (abs)        0000AF
_OSCEN                                                          (abs)        0000B3
_OSCENbits                                                      (abs)        0000B3
_OSCFRQ                                                         (abs)        0000B1
_OSCTUNE                                                        (abs)        0000B0
_PIE3bits                                                       (abs)        0004AD
_PIE4bits                                                       (abs)        0004AE
_PIE5bits                                                       (abs)        0004AF
_PIN_MANAGER_Initialize                                         text29       001508
_PIR10bits                                                      (abs)        0004C0
_PIR1bits                                                       (abs)        0004B7
_PIR3bits                                                       (abs)        0004B9
_PIR4bits                                                       (abs)        0004BA
_PIR5bits                                                       (abs)        0004BB
_PIR6bits                                                       (abs)        0004BC
_PWM1CLK                                                        (abs)        000461
_PWM1CON                                                        (abs)        000469
_PWM1CONbits                                                    (abs)        000469
_PWM1CPRE                                                       (abs)        000465
_PWM1ERS                                                        (abs)        000460
_PWM1GIE                                                        (abs)        000468
_PWM1GIEbits                                                    (abs)        000468
_PWM1GIR                                                        (abs)        000467
_PWM1GIRbits                                                    (abs)        000467
_PWM1LDS                                                        (abs)        000462
_PWM1PIPOS                                                      (abs)        000466
_PWM1PRH                                                        (abs)        000464
_PWM1PRL                                                        (abs)        000463
_PWM1S1CFG                                                      (abs)        00046A
_PWM1S1P1H                                                      (abs)        00046C
_PWM1S1P1L                                                      (abs)        00046B
_PWM1S1P2H                                                      (abs)        00046E
_PWM1S1P2L                                                      (abs)        00046D
_PWM1_16BIT_Initialize                                          text25       0019E0
_PWM1_16BIT_LoadBufferRegisters                                 text11       0020AE
_PWM1_16BIT_Period_DefaultInterruptHandler                      (abs)        000000
_PWM1_16BIT_Period_InterruptHandler                             bssCOMRAM    000539
_PWM1_16BIT_Period_SetInterruptHandler                          text28       002012
_PWM1_16BIT_SetDuty8Bit                                         text6        0016E4
_PWM1_16BIT_SetSlice1Output1DutyCycleRegister                   text10       001FD6
_PWM1_16BIT_SetSlice1Output2DutyCycleRegister                   text9        001FCC
_PWM1_16BIT_Slice1Output1_DefaultInterruptHandler               (abs)        000000
_PWM1_16BIT_Slice1Output1_InterruptHandler                      bssCOMRAM    00053D
_PWM1_16BIT_Slice1Output1_SetInterruptHandler                   text27       002008
_PWM1_16BIT_Slice1Output2_DefaultInterruptHandler               (abs)        000000
_PWM1_16BIT_Slice1Output2_InterruptHandler                      bssCOMRAM    00053B
_PWM1_16BIT_Slice1Output2_SetInterruptHandler                   text26       001FFE
_PWM2CLK                                                        (abs)        000470
_PWM2CON                                                        (abs)        000478
_PWM2CONbits                                                    (abs)        000478
_PWM2CPRE                                                       (abs)        000474
_PWM2ERS                                                        (abs)        00046F
_PWM2GIE                                                        (abs)        000477
_PWM2GIEbits                                                    (abs)        000477
_PWM2GIR                                                        (abs)        000476
_PWM2GIRbits                                                    (abs)        000476
_PWM2LDS                                                        (abs)        000471
_PWM2PIPOS                                                      (abs)        000475
_PWM2PRH                                                        (abs)        000473
_PWM2PRL                                                        (abs)        000472
_PWM2S1CFG                                                      (abs)        000479
_PWM2S1P1H                                                      (abs)        00047B
_PWM2S1P1L                                                      (abs)        00047A
_PWM2S1P2H                                                      (abs)        00047D
_PWM2S1P2L                                                      (abs)        00047C
_PWM2_16BIT_Initialize                                          text21       001980
_PWM2_16BIT_LoadBufferRegisters                                 text5        0020AA
_PWM2_16BIT_Period_DefaultInterruptHandler                      (abs)        000000
_PWM2_16BIT_Period_InterruptHandler                             bssCOMRAM    000533
_PWM2_16BIT_Period_SetInterruptHandler                          text24       001FF4
_PWM2_16BIT_SetDuty8Bit                                         text2        00164C
_PWM2_16BIT_SetSlice1Output1DutyCycleRegister                   text4        001FC2
_PWM2_16BIT_SetSlice1Output2DutyCycleRegister                   text3        001FB8
_PWM2_16BIT_Slice1Output1_DefaultInterruptHandler               (abs)        000000
_PWM2_16BIT_Slice1Output1_InterruptHandler                      bssCOMRAM    000537
_PWM2_16BIT_Slice1Output1_SetInterruptHandler                   text23       001FEA
_PWM2_16BIT_Slice1Output2_DefaultInterruptHandler               (abs)        000000
_PWM2_16BIT_Slice1Output2_InterruptHandler                      bssCOMRAM    000535
_PWM2_16BIT_Slice1Output2_SetInterruptHandler                   text22       001FE0
_RB0PPS                                                         (abs)        000209
_RB1I2C                                                         (abs)        000286
_RB1PPS                                                         (abs)        00020A
_RB2I2C                                                         (abs)        000287
_RB2PPS                                                         (abs)        00020B
_RB3PPS                                                         (abs)        00020C
_RC3I2C                                                         (abs)        000284
_RC4                                                            (abs)        000A94
_RC4I2C                                                         (abs)        000285
_RC6PPS                                                         (abs)        000217
_RxBuff                                                         bssBANK5     00059A
_SLRCONA                                                        (abs)        000403
_SLRCONB                                                        (abs)        00040B
_SLRCONC                                                        (abs)        000413
_SLRCOND                                                        (abs)        00041B
_SLRCONE                                                        (abs)        000423
_SYSTEM_Initialize                                              text13       001E9E
_T0CON0                                                         (abs)        00031A
_T0CON0bits                                                     (abs)        00031A
_T0CON1                                                         (abs)        00031B
_TMR0H                                                          (abs)        000319
_TMR0L                                                          (abs)        000318
_TMR0_DefaultOverflowCallback                                   text69       0020B6
_TMR0_Initialize                                                text19       001CF4
_TMR0_Initialize$intlevel0                                      text19       001CFE
_TMR0_OverflowCallback                                          bssBANK5     000590
_TMR0_OverflowCallbackRegister                                  text20       001FA4
_TMR0_OverflowCallbackRegister$intlevel0                        text20       001FAE
_TMR0_OverflowISR                                               text68       001CB8
_TMR0_PeriodCountSet                                            (abs)        000000
_TMR0_Start                                                     (abs)        000000
_TMR0_Stop                                                      (abs)        000000
_TRISA                                                          (abs)        000148
_TRISB                                                          (abs)        000149
_TRISC                                                          (abs)        00014A
_TRISCbits                                                      (abs)        00014A
_TRISE                                                          (abs)        00014C
_Timer0                                                         smallconst   000E31
_U1BRG                                                          (abs)        0002C3
_U1BRGH                                                         (abs)        0002C4
_U1BRGL                                                         (abs)        0002C3
_U1CON0                                                         (abs)        0002C0
_U1CON0bits                                                     (abs)        0002C0
_U1CON1                                                         (abs)        0002C1
_U1CON1bits                                                     (abs)        0002C1
_U1CON2                                                         (abs)        0002C2
_U1CON2bits                                                     (abs)        0002C2
_U1ERRIE                                                        (abs)        0002C8
_U1ERRIEbits                                                    (abs)        0002C8
_U1ERRIR                                                        (abs)        0002C7
_U1ERRIRbits                                                    (abs)        0002C7
_U1FIFO                                                         (abs)        0002C5
_U1FIFObits                                                     (abs)        0002C5
_U1ON                                                           (abs)        00160F
_U1P1                                                           (abs)        0002BA
_U1P1H                                                          (abs)        0002BB
_U1P1L                                                          (abs)        0002BA
_U1P2                                                           (abs)        0002BC
_U1P2H                                                          (abs)        0002BD
_U1P2L                                                          (abs)        0002BC
_U1P3                                                           (abs)        0002BE
_U1P3H                                                          (abs)        0002BF
_U1P3L                                                          (abs)        0002BE
_U1RXB                                                          (abs)        0002B6
_U1RXCHK                                                        (abs)        0002B7
_U1RXPPS                                                        (abs)        000272
_U1TXB                                                          (abs)        0002B8
_U1TXCHK                                                        (abs)        0002B9
_U1UIR                                                          (abs)        0002C6
_U1UIRbits                                                      (abs)        0002C6
_UART1                                                          smallconst   000E01
_UART1_AutoBaudQuery                                            (abs)        000000
_UART1_AutoBaudSet                                              (abs)        000000
_UART1_DefaultFramingErrorCallback                              text65       0020B4
_UART1_DefaultOverrunErrorCallback                              text64       0020B2
_UART1_DefaultParityErrorCallback                               (abs)        000000
_UART1_Deinitialize                                             (abs)        000000
_UART1_ErrorGet                                                 (abs)        000000
_UART1_FramingErrorCallbackRegister                             text18       001E78
_UART1_FramingErrorCallbackRegister$intlevel0                   text18       001E82
_UART1_FramingErrorHandler                                      bssBANK5     00058C
_UART1_Initialize                                               text15       00177C
_UART1_Initialize$intlevel0                                     text15       001786
_UART1_IsRxReady                                                (abs)        000000
_UART1_IsTxDone                                                 (abs)        000000
_UART1_IsTxReady                                                (abs)        000000
_UART1_OverrunErrorCallbackRegister                             text17       001E52
_UART1_OverrunErrorCallbackRegister$intlevel0                   text17       001E5C
_UART1_OverrunErrorHandler                                      bssBANK5     00058A
_UART1_ParityErrorCallbackRegister                              text16       001E2C
_UART1_ParityErrorCallbackRegister$intlevel0                    text16       001E36
_UART1_ParityErrorHandler                                       bssBANK5     000588
_UART1_Read                                                     (abs)        000000
_UART1_ReceiveISR                                               text63       00133E
_UART1_RxCompleteCallbackRegister                               text12       001F00
_UART1_RxCompleteInterruptHandler                               bssBANK5     000584
_UART1_RxInterruptHandler                                       bssBANK5     000596
_UART1_TransmitDisable                                          (abs)        000000
_UART1_TransmitEnable                                           (abs)        000000
_UART1_TransmitISR                                              text62       001D2E
_UART1_TxCompleteCallbackRegister                               (abs)        000000
_UART1_TxCompleteInterruptHandler                               bssBANK5     000586
_UART1_TxInterruptHandler                                       bssBANK5     000598
_UART1_Write                                                    (abs)        000000
_VDDIO2CON                                                      (abs)        00010D
_VDDIO2CONbits                                                  (abs)        00010D
_VDDIO2_Initialize                                              text14       00209E
_WPUA                                                           (abs)        000401
_WPUB                                                           (abs)        000409
_WPUC                                                           (abs)        000411
_WPUD                                                           (abs)        000419
_WPUE                                                           (abs)        000421
__HRAM                                                          (abs)        000000
__H__absolute__                                                 __absolute__ 000000
__Habs1                                                         abs1         000000
__Hbank10                                                       bank10       000000
__Hbank11                                                       bank11       000000
__Hbank12                                                       bank12       000000
__Hbank5                                                        bank5        000000
__Hbank6                                                        bank6        000000
__Hbank7                                                        bank7        000000
__Hbank8                                                        bank8        000000
__Hbank9                                                        bank9        000000
__Hbigbss                                                       bigbss       000000
__Hbigdata                                                      bigdata      000000
__Hbigram                                                       bigram       000000
__Hbigsfr                                                       bigsfr       000000
__Hbss                                                          bss          000000
__HbssBANK5                                                     bssBANK5     000000
__HbssBANK6                                                     bssBANK6     000000
__HbssCOMRAM                                                    bssCOMRAM    000000
__Hcinit                                                        cinit        000000
__Hclrtext                                                      clrtext      000000
__Hcomram                                                       comram       000000
__Hconfig                                                       config       30001D
__Hconst                                                        const        000000
__HcstackBANK5                                                  cstackBANK5  000000
__HcstackCOMRAM                                                 cstackCOMRAM 000000
__Hdata                                                         data         000000
__HdataBANK5                                                    dataBANK5    000000
__HdataBANK6                                                    dataBANK6    000000
__Heeprom_data                                                  eeprom_data  000000
__Hfarbss                                                       farbss       000000
__Hfardata                                                      fardata      000000
__Hheap                                                         heap         000000
__Hibigdata                                                     ibigdata     000000
__Hidata                                                        idata        000000
__HidataBANK5                                                   idataBANK5   000000
__HidataBANK6                                                   idataBANK6   000000
__Hidloc                                                        idloc        000000
__Hifardata                                                     ifardata     000000
__Hinit                                                         init         00001E
__Hintsave_regs                                                 intsave_regs 000000
__Hirdata                                                       irdata       000000
__Hivt0x8                                                       ivt0x8       00001A
__Hmediumconst                                                  mediumconst  000000
__HnvFARRAM                                                     nvFARRAM     000000
__Hnvbit                                                        nvbit        000000
__Hnvrram                                                       nvrram       000000
__Hparam                                                        rparam       000000
__Hpowerup                                                      powerup      000000
__Hram                                                          ram          000000
__Hramtop                                                       ramtop       000E00
__Hrbit                                                         rbit         000000
__Hrbss                                                         rbss         000000
__Hrdata                                                        rdata        000000
__Hreset_vec                                                    reset_vec    000004
__Hrparam                                                       rparam       000000
__Hsfr                                                          sfr          000000
__Hsmallconst                                                   smallconst   000E3E
__Hspace_0                                                      (abs)        0020B8
__Hspace_1                                                      (abs)        0006D0
__Hspace_2                                                      (abs)        000000
__Hspace_4                                                      (abs)        60001D
__Hstack                                                        stack        000000
__Hstruct                                                       struct       000000
__Htemp                                                         temp         000000
__Htext                                                         text         000000
__Htext0                                                        text0        000000
__Htext1                                                        text1        000000
__Htext10                                                       text10       000000
__Htext11                                                       text11       000000
__Htext12                                                       text12       000000
__Htext13                                                       text13       000000
__Htext14                                                       text14       000000
__Htext15                                                       text15       000000
__Htext16                                                       text16       000000
__Htext17                                                       text17       000000
__Htext18                                                       text18       000000
__Htext19                                                       text19       000000
__Htext2                                                        text2        000000
__Htext20                                                       text20       000000
__Htext21                                                       text21       000000
__Htext22                                                       text22       000000
__Htext23                                                       text23       000000
__Htext24                                                       text24       000000
__Htext25                                                       text25       000000
__Htext26                                                       text26       000000
__Htext27                                                       text27       000000
__Htext28                                                       text28       000000
__Htext29                                                       text29       000000
__Htext3                                                        text3        000000
__Htext30                                                       text30       000000
__Htext31                                                       text31       000000
__Htext32                                                       text32       000000
__Htext33                                                       text33       000000
__Htext34                                                       text34       000000
__Htext35                                                       text35       000000
__Htext36                                                       text36       000000
__Htext37                                                       text37       000000
__Htext38                                                       text38       000000
__Htext39                                                       text39       000000
__Htext4                                                        text4        000000
__Htext40                                                       text40       000000
__Htext41                                                       text41       000000
__Htext42                                                       text42       000000
__Htext43                                                       text43       000000
__Htext44                                                       text44       000000
__Htext45                                                       text45       000000
__Htext46                                                       text46       000000
__Htext47                                                       text47       000000
__Htext48                                                       text48       000000
__Htext49                                                       text49       000000
__Htext5                                                        text5        000000
__Htext50                                                       text50       000000
__Htext51                                                       text51       000000
__Htext52                                                       text52       000000
__Htext53                                                       text53       000000
__Htext54                                                       text54       000000
__Htext55                                                       text55       000000
__Htext56                                                       text56       000000
__Htext57                                                       text57       000000
__Htext58                                                       text58       000000
__Htext59                                                       text59       000000
__Htext6                                                        text6        000000
__Htext60                                                       text60       000000
__Htext61                                                       text61       000000
__Htext62                                                       text62       000000
__Htext63                                                       text63       000000
__Htext64                                                       text64       000000
__Htext65                                                       text65       000000
__Htext66                                                       text66       000000
__Htext67                                                       text67       000000
__Htext68                                                       text68       000000
__Htext69                                                       text69       000000
__Htext7                                                        text7        000000
__Htext8                                                        text8        000000
__Htext9                                                        text9        000000
__LRAM                                                          (abs)        000001
__L__absolute__                                                 __absolute__ 000000
__Labs1                                                         abs1         000000
__Lbank10                                                       bank10       000000
__Lbank11                                                       bank11       000000
__Lbank12                                                       bank12       000000
__Lbank5                                                        bank5        000000
__Lbank6                                                        bank6        000000
__Lbank7                                                        bank7        000000
__Lbank8                                                        bank8        000000
__Lbank9                                                        bank9        000000
__Lbigbss                                                       bigbss       000000
__Lbigdata                                                      bigdata      000000
__Lbigram                                                       bigram       000000
__Lbigsfr                                                       bigsfr       000000
__Lbss                                                          bss          000000
__LbssBANK5                                                     bssBANK5     000000
__LbssBANK6                                                     bssBANK6     000000
__LbssCOMRAM                                                    bssCOMRAM    000000
__Lcinit                                                        cinit        000000
__Lclrtext                                                      clrtext      000000
__Lcomram                                                       comram       000000
__Lconfig                                                       config       000000
__Lconst                                                        const        000000
__LcstackBANK5                                                  cstackBANK5  000000
__LcstackCOMRAM                                                 cstackCOMRAM 000000
__Ldata                                                         data         000000
__LdataBANK5                                                    dataBANK5    000000
__LdataBANK6                                                    dataBANK6    000000
__Leeprom_data                                                  eeprom_data  000000
__Lfarbss                                                       farbss       000000
__Lfardata                                                      fardata      000000
__Lheap                                                         heap         000000
__Libigdata                                                     ibigdata     000000
__Lidata                                                        idata        000000
__LidataBANK5                                                   idataBANK5   000000
__LidataBANK6                                                   idataBANK6   000000
__Lidloc                                                        idloc        000000
__Lifardata                                                     ifardata     000000
__Linit                                                         init         00001A
__Lintsave_regs                                                 intsave_regs 000000
__Lirdata                                                       irdata       000000
__Livt0x8                                                       ivt0x8       000008
__Lmediumconst                                                  mediumconst  000000
__LnvFARRAM                                                     nvFARRAM     000000
__Lnvbit                                                        nvbit        000000
__Lnvrram                                                       nvrram       000000
__Lparam                                                        rparam       000000
__Lpowerup                                                      powerup      000000
__Lram                                                          ram          000000
__Lramtop                                                       ramtop       000E00
__Lrbit                                                         rbit         000000
__Lrbss                                                         rbss         000000
__Lrdata                                                        rdata        000000
__Lreset_vec                                                    reset_vec    000000
__Lrparam                                                       rparam       000000
__Lsfr                                                          sfr          000000
__Lsmallconst                                                   smallconst   000E00
__Lspace_0                                                      (abs)        000000
__Lspace_1                                                      (abs)        000000
__Lspace_2                                                      (abs)        000000
__Lspace_4                                                      (abs)        000000
__Lstack                                                        stack        000000
__Lstruct                                                       struct       000000
__Ltemp                                                         temp         000000
__Ltext                                                         text         000000
__Ltext0                                                        text0        000000
__Ltext1                                                        text1        000000
__Ltext10                                                       text10       000000
__Ltext11                                                       text11       000000
__Ltext12                                                       text12       000000
__Ltext13                                                       text13       000000
__Ltext14                                                       text14       000000
__Ltext15                                                       text15       000000
__Ltext16                                                       text16       000000
__Ltext17                                                       text17       000000
__Ltext18                                                       text18       000000
__Ltext19                                                       text19       000000
__Ltext2                                                        text2        000000
__Ltext20                                                       text20       000000
__Ltext21                                                       text21       000000
__Ltext22                                                       text22       000000
__Ltext23                                                       text23       000000
__Ltext24                                                       text24       000000
__Ltext25                                                       text25       000000
__Ltext26                                                       text26       000000
__Ltext27                                                       text27       000000
__Ltext28                                                       text28       000000
__Ltext29                                                       text29       000000
__Ltext3                                                        text3        000000
__Ltext30                                                       text30       000000
__Ltext31                                                       text31       000000
__Ltext32                                                       text32       000000
__Ltext33                                                       text33       000000
__Ltext34                                                       text34       000000
__Ltext35                                                       text35       000000
__Ltext36                                                       text36       000000
__Ltext37                                                       text37       000000
__Ltext38                                                       text38       000000
__Ltext39                                                       text39       000000
__Ltext4                                                        text4        000000
__Ltext40                                                       text40       000000
__Ltext41                                                       text41       000000
__Ltext42                                                       text42       000000
__Ltext43                                                       text43       000000
__Ltext44                                                       text44       000000
__Ltext45                                                       text45       000000
__Ltext46                                                       text46       000000
__Ltext47                                                       text47       000000
__Ltext48                                                       text48       000000
__Ltext49                                                       text49       000000
__Ltext5                                                        text5        000000
__Ltext50                                                       text50       000000
__Ltext51                                                       text51       000000
__Ltext52                                                       text52       000000
__Ltext53                                                       text53       000000
__Ltext54                                                       text54       000000
__Ltext55                                                       text55       000000
__Ltext56                                                       text56       000000
__Ltext57                                                       text57       000000
__Ltext58                                                       text58       000000
__Ltext59                                                       text59       000000
__Ltext6                                                        text6        000000
__Ltext60                                                       text60       000000
__Ltext61                                                       text61       000000
__Ltext62                                                       text62       000000
__Ltext63                                                       text63       000000
__Ltext64                                                       text64       000000
__Ltext65                                                       text65       000000
__Ltext66                                                       text66       000000
__Ltext67                                                       text67       000000
__Ltext68                                                       text68       000000
__Ltext69                                                       text69       000000
__Ltext7                                                        text7        000000
__Ltext8                                                        text8        000000
__Ltext9                                                        text9        000000
__S0                                                            (abs)        0020B8
__S1                                                            (abs)        0006D0
__S4                                                            (abs)        000000
__S5                                                            (abs)        000000
___heap_hi                                                      (abs)        000000
___heap_lo                                                      (abs)        000000
___inthi_sp                                                     stack        000000
___inthi_stack_hi                                               stack        000000
___inthi_stack_lo                                               stack        000000
___intlo_sp                                                     stack        000000
___intlo_stack_hi                                               stack        000000
___intlo_stack_lo                                               stack        000000
___lldiv                                                        text8        001464
___lldiv@counter                                                cstackCOMRAM 00052E
___lldiv@dividend                                               cstackCOMRAM 000522
___lldiv@divisor                                                cstackCOMRAM 000526
___lldiv@quotient                                               cstackCOMRAM 00052A
___lmul                                                         text7        001916
___lmul@multiplicand                                            cstackCOMRAM 00051A
___lmul@multiplier                                              cstackCOMRAM 000516
___lmul@product                                                 cstackCOMRAM 00051E
___param_bank                                                   (abs)        000000
___rparam_used                                                  (abs)        000001
___sp                                                           stack        000000
___stack_hi                                                     stack        000000
___stack_lo                                                     stack        000000
__accesstop                                                     (abs)        000560
__activetblptr                                                  (abs)        000002
__end_of_CLOCK_Initialize                                       text34       001F8A
__end_of_DMA_Initialize                                         text36       001C36
__end_of_DMXRcvCallback                                         text66       001F00
__end_of_DMX_Initialize                                         text35       001B52
__end_of_INT0_SetInterruptHandler                               text33       00203A
__end_of_INT1_SetInterruptHandler                               text32       002030
__end_of_INT2_SetInterruptHandler                               text31       002026
__end_of_INTERRUPT_Initialize                                   text30       001D98
__end_of_INTERRUPT_InterruptManager                             text37       00101C
__end_of_PIN_MANAGER_Initialize                                 text29       0015AA
__end_of_PWM1_16BIT_Initialize                                  text25       001A40
__end_of_PWM1_16BIT_LoadBufferRegisters                         text11       0020B2
__end_of_PWM1_16BIT_Period_SetInterruptHandler                  text28       00201C
__end_of_PWM1_16BIT_SetDuty8Bit                                 text6        00177C
__end_of_PWM1_16BIT_SetSlice1Output1DutyCycleRegister           text10       001FE0
__end_of_PWM1_16BIT_SetSlice1Output2DutyCycleRegister           text9        001FD6
__end_of_PWM1_16BIT_Slice1Output1_SetInterruptHandler           text27       002012
__end_of_PWM1_16BIT_Slice1Output2_SetInterruptHandler           text26       002008
__end_of_PWM2_16BIT_Initialize                                  text21       0019E0
__end_of_PWM2_16BIT_LoadBufferRegisters                         text5        0020AE
__end_of_PWM2_16BIT_Period_SetInterruptHandler                  text24       001FFE
__end_of_PWM2_16BIT_SetDuty8Bit                                 text2        0016E4
__end_of_PWM2_16BIT_SetSlice1Output1DutyCycleRegister           text4        001FCC
__end_of_PWM2_16BIT_SetSlice1Output2DutyCycleRegister           text3        001FC2
__end_of_PWM2_16BIT_Slice1Output1_SetInterruptHandler           text23       001FF4
__end_of_PWM2_16BIT_Slice1Output2_SetInterruptHandler           text22       001FEA
__end_of_SYSTEM_Initialize                                      text13       001EC0
__end_of_TMR0_DefaultOverflowCallback                           text69       0020B8
__end_of_TMR0_Initialize                                        text19       001D2E
__end_of_TMR0_OverflowCallbackRegister                          text20       001FB8
__end_of_TMR0_OverflowISR                                       text68       001CF4
__end_of_Timer0                                                 smallconst   000E3D
__end_of_UART1                                                  smallconst   000E31
__end_of_UART1_DefaultFramingErrorCallback                      text65       0020B6
__end_of_UART1_DefaultOverrunErrorCallback                      text64       0020B4
__end_of_UART1_FramingErrorCallbackRegister                     text18       001E9E
__end_of_UART1_Initialize                                       text15       001810
__end_of_UART1_OverrunErrorCallbackRegister                     text17       001E78
__end_of_UART1_ParityErrorCallbackRegister                      text16       001E52
__end_of_UART1_ReceiveISR                                       text63       001464
__end_of_UART1_RxCompleteCallbackRegister                       text12       001F1C
__end_of_UART1_TransmitISR                                      text62       001D64
__end_of_VDDIO2_Initialize                                      text14       0020A4
__end_of___lldiv                                                text8        001508
__end_of___lmul                                                 text7        001980
__end_of__initialization                                        cinit        00190C
__end_of_main                                                   text0        00133E
__end_of_memcpy                                                 text67       001BF4
__end_of_rainbow                                                text1        0011E0
__end_ofi2_CLOCK_Initialize                                     text59       001FA4
__end_ofi2_DMA_Initialize                                       text61       001C78
__end_ofi2_DMX_Initialize                                       text60       001BA4
__end_ofi2_INT0_SetInterruptHandler                             text58       00209E
__end_ofi2_INT1_SetInterruptHandler                             text57       002094
__end_ofi2_INT2_SetInterruptHandler                             text56       00208A
__end_ofi2_INTERRUPT_Initialize                                 text55       001DCC
__end_ofi2_PIN_MANAGER_Initialize                               text54       00164C
__end_ofi2_PWM1_16BIT_Initialize                                text50       001B00
__end_ofi2_PWM1_16BIT_Period_SetInterruptHandler                text53       002080
__end_ofi2_PWM1_16BIT_Slice1Output1_SetInterruptHandler         text52       002076
__end_ofi2_PWM1_16BIT_Slice1Output2_SetInterruptHandler         text51       00206C
__end_ofi2_PWM2_16BIT_Initialize                                text46       001AA0
__end_ofi2_PWM2_16BIT_Period_SetInterruptHandler                text49       002062
__end_ofi2_PWM2_16BIT_Slice1Output1_SetInterruptHandler         text48       002058
__end_ofi2_PWM2_16BIT_Slice1Output2_SetInterruptHandler         text47       00204E
__end_ofi2_SYSTEM_Initialize                                    text38       001EE2
__end_ofi2_TMR0_Initialize                                      text44       001E2C
__end_ofi2_TMR0_OverflowCallbackRegister                        text45       002044
__end_ofi2_UART1_FramingErrorCallbackRegister                   text43       001F70
__end_ofi2_UART1_Initialize                                     text40       00189A
__end_ofi2_UART1_OverrunErrorCallbackRegister                   text42       001F54
__end_ofi2_UART1_ParityErrorCallbackRegister                    text41       001F38
__end_ofi2_VDDIO2_Initialize                                    text39       0020AA
__initialization                                                cinit        00189A
__mediumconst                                                   mediumconst  000000
__pbssBANK5                                                     bssBANK5     000560
__pbssBANK6                                                     bssBANK6     000600
__pbssCOMRAM                                                    bssCOMRAM    00052F
__pcinit                                                        cinit        00189A
__pcstackBANK5                                                  cstackBANK5  0005DF
__pcstackCOMRAM                                                 cstackCOMRAM 000501
__pdataBANK5                                                    dataBANK5    0005AF
__pdataBANK6                                                    dataBANK6    000690
__pidataBANK5                                                   idataBANK5   001DCC
__pidataBANK6                                                   idataBANK6   001C78
__pivt0x8                                                       ivt0x8       000008
__psmallconst                                                   smallconst   000E00
__ptext0                                                        text0        0011E0
__ptext1                                                        text1        00101C
__ptext10                                                       text10       001FD6
__ptext11                                                       text11       0020AE
__ptext12                                                       text12       001F00
__ptext13                                                       text13       001E9E
__ptext14                                                       text14       00209E
__ptext15                                                       text15       00177C
__ptext16                                                       text16       001E2C
__ptext17                                                       text17       001E52
__ptext18                                                       text18       001E78
__ptext19                                                       text19       001CF4
__ptext2                                                        text2        00164C
__ptext20                                                       text20       001FA4
__ptext21                                                       text21       001980
__ptext22                                                       text22       001FE0
__ptext23                                                       text23       001FEA
__ptext24                                                       text24       001FF4
__ptext25                                                       text25       0019E0
__ptext26                                                       text26       001FFE
__ptext27                                                       text27       002008
__ptext28                                                       text28       002012
__ptext29                                                       text29       001508
__ptext3                                                        text3        001FB8
__ptext30                                                       text30       001D64
__ptext31                                                       text31       00201C
__ptext32                                                       text32       002026
__ptext33                                                       text33       002030
__ptext34                                                       text34       001F70
__ptext35                                                       text35       001B00
__ptext36                                                       text36       001BF4
__ptext37                                                       text37       000E3E
__ptext38                                                       text38       001EC0
__ptext39                                                       text39       0020A4
__ptext4                                                        text4        001FC2
__ptext40                                                       text40       001810
__ptext41                                                       text41       001F1C
__ptext42                                                       text42       001F38
__ptext43                                                       text43       001F54
__ptext44                                                       text44       001DFC
__ptext45                                                       text45       00203A
__ptext46                                                       text46       001A40
__ptext47                                                       text47       002044
__ptext48                                                       text48       00204E
__ptext49                                                       text49       002058
__ptext5                                                        text5        0020AA
__ptext50                                                       text50       001AA0
__ptext51                                                       text51       002062
__ptext52                                                       text52       00206C
__ptext53                                                       text53       002076
__ptext54                                                       text54       0015AA
__ptext55                                                       text55       001D98
__ptext56                                                       text56       002080
__ptext57                                                       text57       00208A
__ptext58                                                       text58       002094
__ptext59                                                       text59       001F8A
__ptext6                                                        text6        0016E4
__ptext60                                                       text60       001B52
__ptext61                                                       text61       001C36
__ptext62                                                       text62       001D2E
__ptext63                                                       text63       00133E
__ptext64                                                       text64       0020B2
__ptext65                                                       text65       0020B4
__ptext66                                                       text66       001EE2
__ptext67                                                       text67       001BA4
__ptext68                                                       text68       001CB8
__ptext69                                                       text69       0020B6
__ptext7                                                        text7        001916
__ptext8                                                        text8        001464
__ptext9                                                        text9        001FCC
__ramtop                                                        ramtop       000E00
__smallconst                                                    smallconst   000E00
_a                                                              dataBANK5    0005DD
_b                                                              dataBANK5    0005DB
_blue1                                                          dataBANK5    0005B7
_c                                                              dataBANK5    0005D9
_d                                                              dataBANK5    0005D7
_err                                                            bssBANK5     00057C
_green                                                          dataBANK5    0005CF
_green1                                                         dataBANK5    0005BB
_ledData                                                        bssBANK6     000600
_main                                                           text0        0011E0
_memcpy                                                         text67       001BA4
_nam1                                                           dataBANK5    0005B3
_num                                                            bssCOMRAM    00053F
_off                                                            bssBANK5     000580
_orange1                                                        dataBANK5    0005C3
_purple1                                                        dataBANK5    0005AF
_pwm11Fg                                                        bssCOMRAM    000543
_pwm12Fg                                                        bssCOMRAM    000542
_pwm21Fg                                                        bssCOMRAM    000541
_pwm22Fg                                                        bssCOMRAM    000540
_rainbow                                                        text1        00101C
_rainbow3                                                       dataBANK6    000690
_red                                                            dataBANK5    0005D3
_red1                                                           dataBANK5    0005C7
_rxData                                                         bssBANK5     0005AA
_rxFg                                                           bssCOMRAM    00054A
_timerTMR0ReloadVal16bit                                        bssCOMRAM    00052F
_uart1RxBuffer                                                  bssBANK5     0005A2
_uart1RxCount                                                   bssCOMRAM    000544
_uart1RxHead                                                    bssCOMRAM    000546
_uart1RxLastError                                               bssBANK5     00058E
_uart1RxStatusBuffer                                            bssBANK5     000560
_uart1RxTail                                                    bssCOMRAM    000545
_uart1TxBuffer                                                  bssBANK5     000570
_uart1TxBufferRemaining                                         bssCOMRAM    000547
_uart1TxHead                                                    bssCOMRAM    000549
_uart1TxTail                                                    bssCOMRAM    000548
_yellow                                                         dataBANK5    0005CB
_yellow1                                                        dataBANK5    0005BF
end_of_initialization                                           cinit        00190C
i2INT0_SetInterruptHandler@InterruptHandler                     cstackCOMRAM 000501
i2INT1_SetInterruptHandler@InterruptHandler                     cstackCOMRAM 000501
i2INT2_SetInterruptHandler@InterruptHandler                     cstackCOMRAM 000501
i2PWM1_16BIT_Period_SetInterruptHandler@InterruptHandler        cstackCOMRAM 000501
i2PWM1_16BIT_Slice1Output1_SetInterruptHandler@InterruptHandler cstackCOMRAM 000501
i2PWM1_16BIT_Slice1Output2_SetInterruptHandler@InterruptHandler cstackCOMRAM 000501
i2PWM2_16BIT_Period_SetInterruptHandler@InterruptHandler        cstackCOMRAM 000501
i2PWM2_16BIT_Slice1Output1_SetInterruptHandler@InterruptHandler cstackCOMRAM 000501
i2PWM2_16BIT_Slice1Output2_SetInterruptHandler@InterruptHandler cstackCOMRAM 000501
i2TMR0_OverflowCallbackRegister@CallbackHandler                 cstackCOMRAM 000501
i2UART1_FramingErrorCallbackRegister@callbackHandler            cstackCOMRAM 000501
i2UART1_OverrunErrorCallbackRegister@callbackHandler            cstackCOMRAM 000501
i2UART1_ParityErrorCallbackRegister@callbackHandler             cstackCOMRAM 000501
i2_CLOCK_Initialize                                             text59       001F8A
i2_DMA_Initialize                                               text61       001C36
i2_DMX_Initialize                                               text60       001B52
i2_INT0_SetInterruptHandler                                     text58       002094
i2_INT1_SetInterruptHandler                                     text57       00208A
i2_INT2_SetInterruptHandler                                     text56       002080
i2_INTERRUPT_Initialize                                         text55       001D98
i2_PIN_MANAGER_Initialize                                       text54       0015AA
i2_PWM1_16BIT_Initialize                                        text50       001AA0
i2_PWM1_16BIT_Period_SetInterruptHandler                        text53       002076
i2_PWM1_16BIT_Slice1Output1_SetInterruptHandler                 text52       00206C
i2_PWM1_16BIT_Slice1Output2_SetInterruptHandler                 text51       002062
i2_PWM2_16BIT_Initialize                                        text46       001A40
i2_PWM2_16BIT_Period_SetInterruptHandler                        text49       002058
i2_PWM2_16BIT_Slice1Output1_SetInterruptHandler                 text48       00204E
i2_PWM2_16BIT_Slice1Output2_SetInterruptHandler                 text47       002044
i2_SYSTEM_Initialize                                            text38       001EC0
i2_TMR0_Initialize                                              text44       001DFC
i2_TMR0_OverflowCallbackRegister                                text45       00203A
i2_UART1_FramingErrorCallbackRegister                           text43       001F54
i2_UART1_Initialize                                             text40       001810
i2_UART1_OverrunErrorCallbackRegister                           text42       001F38
i2_UART1_ParityErrorCallbackRegister                            text41       001F1C
i2_VDDIO2_Initialize                                            text39       0020A4
intlevel0                                                       text         000000
intlevel1                                                       text         000000
intlevel2                                                       text         000000
intlevel3                                                       text         000000
isa$std                                                         (abs)        000001
isa$xinst                                                       (abs)        000000
ivt0x8_base                                                     ivt0x8       000008
main@isFirst                                                    cstackBANK5  0005F2
memcpy@d                                                        cstackCOMRAM 000507
memcpy@d1                                                       cstackCOMRAM 000501
memcpy@n                                                        cstackCOMRAM 000505
memcpy@s                                                        cstackCOMRAM 000509
memcpy@s1                                                       cstackCOMRAM 000503
memcpy@tmp                                                      cstackCOMRAM 00050B
rainbow@i                                                       cstackBANK5  0005EE
rainbow@j                                                       cstackBANK5  0005EC
reactive@F16145                                                 bssBANK5     000578
stackhi                                                         (abs)        000000
stacklo                                                         (abs)        000000
start                                                           init         00001A
start_initialization                                            cinit        00189A


MODULE INFORMATION

Module		Function		Class		Link	Load	Size
C:\Program Files\Microchip\xc8\v2.50\pic\sources\c99\common\memcpy.c
		_memcpy        		CODE           	1BA4	0000	80

C:\Program Files\Microchip\xc8\v2.50\pic\sources\c99\common\memcpy.c estimated size: 80

dma.c
		_DMA_Initialize		CODE           	1BF4	0000	66

dma.c estimated size: 66

mcc_generated_files/system/src/mvio/vddio2.c
		_VDDIO2_Initialize		CODE           	209E	0000	6

mcc_generated_files/system/src/mvio/vddio2.c estimated size: 6

mcc_generated_files/system/src/interrupt.c
		_INT0_SetInterruptHandler		CODE           	2030	0000	10
		_INT1_SetInterruptHandler		CODE           	2026	0000	10
		_INT2_SetInterruptHandler		CODE           	201C	0000	10
		_INTERRUPT_Initialize		CODE           	1D64	0000	52
		_INTERRUPT_InterruptManager		CODE           	0E3E	0000	478

mcc_generated_files/system/src/interrupt.c estimated size: 560

mcc_generated_files/pwm/src/pwm1_16bit.c
		_PWM1_16BIT_Period_SetInterruptHandler		CODE           	2012	0000	10
		_PWM1_16BIT_Slice1Output1_SetInterruptHandler		CODE           	2008	0000	10
		_PWM1_16BIT_Slice1Output2_SetInterruptHandler		CODE           	1FFE	0000	10
		_PWM1_16BIT_Initialize		CODE           	19E0	0000	96
		_PWM1_16BIT_LoadBufferRegisters		CODE           	20AE	0000	4
		_PWM1_16BIT_SetSlice1Output1DutyCycleRegister		CODE           	1FD6	0000	10
		_PWM1_16BIT_SetSlice1Output2DutyCycleRegister		CODE           	1FCC	0000	10

mcc_generated_files/pwm/src/pwm1_16bit.c estimated size: 150

C:\Program Files\Microchip\xc8\v2.50\pic\sources\c99\common\Umul32.c
		___lmul        		CODE           	1916	0000	106

C:\Program Files\Microchip\xc8\v2.50\pic\sources\c99\common\Umul32.c estimated size: 106

mcc_generated_files/uart/src/uart1.c
		_UART1_DefaultOverrunErrorCallback		CODE           	20B2	0000	2
		_UART1_RxCompleteCallbackRegister		CODE           	1F00	0000	28
		_UART1_FramingErrorCallbackRegister		CODE           	1E78	0000	38
		_UART1_OverrunErrorCallbackRegister		CODE           	1E52	0000	38
		_UART1_ReceiveISR		CODE           	133E	0000	294
		_UART1_Initialize		CODE           	177C	0000	148
		_UART1_DefaultFramingErrorCallback		CODE           	20B4	0000	2
		_UART1_TransmitISR		CODE           	1D2E	0000	54
		_UART1_ParityErrorCallbackRegister		CODE           	1E2C	0000	38

mcc_generated_files/uart/src/uart1.c estimated size: 642

C:\Program Files\Microchip\xc8\v2.50\pic\sources\c99\common\__lldiv.c
		___lldiv       		CODE           	1464	0000	164

C:\Program Files\Microchip\xc8\v2.50\pic\sources\c99\common\__lldiv.c estimated size: 164

mcc_generated_files/system/src/pins.c
		_PIN_MANAGER_Initialize		CODE           	1508	0000	162

mcc_generated_files/system/src/pins.c estimated size: 162

shared
		i2_UART1_FramingErrorCallbackRegister		CODE           	1F54	0000	28
		i2_UART1_OverrunErrorCallbackRegister		CODE           	1F38	0000	28
		i2_PWM1_16BIT_Period_SetInterruptHandler		CODE           	2076	0000	10
		i2_TMR0_Initialize		CODE           	1DFC	0000	48
		i2_INT0_SetInterruptHandler		CODE           	2094	0000	10
		i2_TMR0_OverflowCallbackRegister		CODE           	203A	0000	10
		i2_UART1_Initialize		CODE           	1810	0000	138
		i2_PWM1_16BIT_Slice1Output1_SetInterruptHandler		CODE           	206C	0000	10
		i2_PWM1_16BIT_Slice1Output2_SetInterruptHandler		CODE           	2062	0000	10
		i2_DMX_Initialize		CODE           	1B52	0000	82
		i2_DMA_Initialize		CODE           	1C36	0000	66
		__initialization		CODE           	189A	0000	114
		i2_PWM2_16BIT_Period_SetInterruptHandler		CODE           	2058	0000	10
		_UART1         		SMALLCONST     	0E01	0000	48
		i2_INT1_SetInterruptHandler		CODE           	208A	0000	10
		i2_PIN_MANAGER_Initialize		CODE           	15AA	0000	162
		i2_VDDIO2_Initialize		CODE           	20A4	0000	6
		i2_PWM1_16BIT_Initialize		CODE           	1AA0	0000	96
		i2_PWM2_16BIT_Slice1Output1_SetInterruptHandler		CODE           	204E	0000	10
		i2_PWM2_16BIT_Slice1Output2_SetInterruptHandler		CODE           	2044	0000	10
		i2_UART1_ParityErrorCallbackRegister		CODE           	1F1C	0000	28
		_Timer0        		SMALLCONST     	0E31	0000	12
		i2_SYSTEM_Initialize		CODE           	1EC0	0000	34
		i2_INTERRUPT_Initialize		CODE           	1D98	0000	52
		i2_INT2_SetInterruptHandler		CODE           	2080	0000	10
		i2_CLOCK_Initialize		CODE           	1F8A	0000	26
		i2_PWM2_16BIT_Initialize		CODE           	1A40	0000	96

shared estimated size: 1164

mcc_generated_files/system/src/clock.c
		_CLOCK_Initialize		CODE           	1F70	0000	26

mcc_generated_files/system/src/clock.c estimated size: 26

mcc_generated_files/timer/src/tmr0.c
		_TMR0_OverflowCallbackRegister		CODE           	1FA4	0000	20
		_TMR0_DefaultOverflowCallback		CODE           	20B6	0000	2
		_TMR0_OverflowISR		CODE           	1CB8	0000	60
		_TMR0_Initialize		CODE           	1CF4	0000	58

mcc_generated_files/timer/src/tmr0.c estimated size: 140

dmx.c
		_DMX_Initialize		CODE           	1B00	0000	82

dmx.c estimated size: 82

main.c
		_rainbow       		CODE           	101C	0000	452
		_DMXRcvCallback		CODE           	1EE2	0000	30
		_main          		CODE           	11E0	0000	350
		_PWM1_16BIT_SetDuty8Bit		CODE           	16E4	0000	152
		_PWM2_16BIT_SetDuty8Bit		CODE           	164C	0000	152

main.c estimated size: 1136

mcc_generated_files/pwm/src/pwm2_16bit.c
		_PWM2_16BIT_Period_SetInterruptHandler		CODE           	1FF4	0000	10
		_PWM2_16BIT_Slice1Output1_SetInterruptHandler		CODE           	1FEA	0000	10
		_PWM2_16BIT_Slice1Output2_SetInterruptHandler		CODE           	1FE0	0000	10
		_PWM2_16BIT_Initialize		CODE           	1980	0000	96
		_PWM2_16BIT_LoadBufferRegisters		CODE           	20AA	0000	4
		_PWM2_16BIT_SetSlice1Output1DutyCycleRegister		CODE           	1FC2	0000	10
		_PWM2_16BIT_SetSlice1Output2DutyCycleRegister		CODE           	1FB8	0000	10

mcc_generated_files/pwm/src/pwm2_16bit.c estimated size: 150

mcc_generated_files/system/src/system.c
		_SYSTEM_Initialize		CODE           	1E9E	0000	34

mcc_generated_files/system/src/system.c estimated size: 34

