Microchip MPLAB XC8 Compiler V2.50

Linker command line:

-W-3 \
  --edf=C:\Program Files\Microchip\xc8\v2.50\pic\dat\20240725155939_en.msgs \
  -pivt0x8=08h -cn \
  -h+dist/default/production\dmx_controller.X.production.sym \
  --cmf=dist/default/production\dmx_controller.X.production.cmf -z \
  -Q18F24Q24 -oC:\Users\rkfmv\AppData\Local\Temp\xcAse24.\driver_tmp_3.o \
  --defsym=__MPLAB_BUILD=1 --fixupoverflow=error \
  -Mdist/default/production/dmx_controller.X.production.map \
  --md=C:\Users\rkfmv\AppData\Local\Temp\xcAse24.\driver_tmp_0.dat -E1 \
  -ver=XC8 Compiler --acfsm=1493 -ACODE=00h-07FFFh -ACONST=00h-07FFFh \
  -ASMALLCONST=0E00h-0EFFhx114 -AMEDIUMCONST=0E00h-07FFFh \
  -ACOMRAM=0501h-055Fh -AABS1=0500h-0CFFh -ABIGRAM=0501h-0CFFh \
  -ARAM=0560h-05FFh,0600h-06FFhx7 -ABANK5=0560h-05FFh -ABANK6=0600h-06FFh \
  -ABANK7=0700h-07FFh -ABANK8=0800h-08FFh -ABANK9=0900h-09FFh \
  -ABANK10=0A00h-0AFFh -ABANK11=0B00h-0BFFh -ABANK12=0C00h-0CFFh \
  -ASFR=00h-0FFhx4,0400h-045Fh,0460h-04FFh,0D00h-0DFFh \
  -ABIGSFR=00h-04FFh,0D00h-0DFFh -ACONFIG=0300000h-030001Dh \
  -AIDLOC=0200000h-020003Fh -AEEDATA=0380000h-03801FFh -peeprom_data=EEDATA \
  -preset_vec=00h -ppowerup=CODE,init -pramtop=0E00h \
  -psmallconst=SMALLCONST -pmediumconst=MEDIUMCONST -pconst=CONST \
  -AFARRAM=00h-00h \
  -prdata=COMRAM,nvrram=COMRAM,nvbit=COMRAM,rbss=COMRAM,rbit=COMRAM \
  -pfarbss=FARRAM,fardata=FARRAM,nvFARRAM=FARRAM \
  -pintsave_regs=BIGRAM,bigbss=BIGRAM,bigdata=BIGRAM -pbss=RAM \
  -pidata=CODE,irdata=CODE,ibigdata=CODE,ifardata=CODE -prparam=COMRAM \
  C:\Users\rkfmv\AppData\Local\Temp\xcAse24.\driver_tmp_9.o \
  dist/default/production\dmx_controller.X.production.o 

Object code version is 3.11

Machine type is 18F24Q24



                Name                               Link     Load   Length Selector   Space Scale
C:\Users\rkfmv\AppData\Local\Temp\xcAse24.\driver_tmp_9.o
                config                           300000   300000       1D        0       4
                init                                 1A       1A        4        4       0
                reset_vec                             0        0        4        0       0
dist/default/production\dmx_controller.X.production.o
                config                           300000   300000       1D        0       4
                smallconst                          E00      E00       3E      700       0
                ivt0x8                                8        8       12        4       0
                text27                             19C8     19C8        2      71F       0
                text26                             182C     182C       3A      71F       0
                text25                             19C6     19C6        2      71F       0
                text24                             19C4     19C4        2      71F       0
                text23                             132A     132A       E8      71F       0
                text22                             18CA     18CA       1E      71F       0
                text21                             1412     1412       AE      71F       0
                text20                             1742     1742       56      71F       0
                text19                             16E8     16E8       5A      71F       0
                text18                             1970     1970       16      71F       0
                text17                             1956     1956       1A      71F       0
                text16                             19B4     19B4        A      71F       0
                text15                             19AA     19AA        A      71F       0
                text14                             19A0     19A0        A      71F       0
                text13                             1866     1866       34      71F       0
                text12                             1564     1564       96      71F       0
                text11                             1996     1996        A      71F       0
                text10                             189A     189A       30      71F       0
                text9                              1920     1920       1C      71F       0
                text8                              1904     1904       1C      71F       0
                text7                              18E8     18E8       1C      71F       0
                text6                              15FA     15FA       86      71F       0
                text5                              19BE     19BE        6      71F       0
                text4                              193C     193C       1A      71F       0
                text3                              1680     1680       68      71F       0
                text2                               E3E      E3E      2D6      71F       0
                text1                              1226     1226      104      71F       0
                text0                              1114     1114      112      71F       0
                cstackCOMRAM                        545      545       10      501       1
                cstackBANK5                         5E5      5E5        9      560       1
                bssBANK7                            700      700      100      700       1
                dataBANK6                           600      600       40      600       1
                dataBANK5                           560      560       54      560       1
                bssBANK5                            5B4      5B4       31      560       1
                dataCOMRAM                          535      535       10      501       1
                bssCOMRAM                           501      501       34      501       1
                cinit                              14C0     14C0       A4      71F       0
                nvBANK5                             5EE      5EE        4      560       1
                nvCOMRAM                            555      555        2      501       1
                idataBANK6                         17EC     17EC       40      71F       0
                idataBANK5                         1798     1798       54      71F       0
                idataCOMRAM                        1986     1986       10      71F       0

TOTAL           Name                               Link     Load   Length     Space
        CLASS   CODE           
                init                                 1A       1A        4         0
                reset_vec                             0        0        4         0
                ivt0x8                                8        8       12         0
                text27                             19C8     19C8        2         0
                text26                             182C     182C       3A         0
                text25                             19C6     19C6        2         0
                text24                             19C4     19C4        2         0
                text23                             132A     132A       E8         0
                text22                             18CA     18CA       1E         0
                text21                             1412     1412       AE         0
                text20                             1742     1742       56         0
                text19                             16E8     16E8       5A         0
                text18                             1970     1970       16         0
                text17                             1956     1956       1A         0
                text16                             19B4     19B4        A         0
                text15                             19AA     19AA        A         0
                text14                             19A0     19A0        A         0
                text13                             1866     1866       34         0
                text12                             1564     1564       96         0
                text11                             1996     1996        A         0
                text10                             189A     189A       30         0
                text9                              1920     1920       1C         0
                text8                              1904     1904       1C         0
                text7                              18E8     18E8       1C         0
                text6                              15FA     15FA       86         0
                text5                              19BE     19BE        6         0
                text4                              193C     193C       1A         0
                text3                              1680     1680       68         0
                text2                               E3E      E3E      2D6         0
                text1                              1226     1226      104         0
                text0                              1114     1114      112         0
                cinit                              14C0     14C0       A4         0
                idataBANK6                         17EC     17EC       40         0
                idataBANK5                         1798     1798       54         0
                idataCOMRAM                        1986     1986       10         0

        CLASS   CONST          

        CLASS   SMALLCONST     
                smallconst                          E00      E00       3E         0

        CLASS   MEDIUMCONST    

        CLASS   COMRAM         
                cstackCOMRAM                        545      545       10         1
                dataCOMRAM                          535      535       10         1
                bssCOMRAM                           501      501       34         1
                nvCOMRAM                            555      555        2         1

        CLASS   ABS1           

        CLASS   BIGRAM         

        CLASS   RAM            

        CLASS   BANK5          
                cstackBANK5                         5E5      5E5        9         1
                dataBANK5                           560      560       54         1
                bssBANK5                            5B4      5B4       31         1
                nvBANK5                             5EE      5EE        4         1

        CLASS   BANK6          
                dataBANK6                           600      600       40         1

        CLASS   BANK7          
                bssBANK7                            700      700      100         1

        CLASS   BANK8          

        CLASS   BANK9          

        CLASS   BANK10         

        CLASS   BANK11         

        CLASS   BANK12         

        CLASS   SFR            

        CLASS   BIGSFR         

        CLASS   CONFIG         
                config                           300000   300000       1D         4

        CLASS   IDLOC          

        CLASS   EEDATA         

        CLASS   FARRAM         

        CLASS   HEAP           

        CLASS   STACK          



SEGMENTS        Name                           Load    Length   Top    Selector   Space  Class

                reset_vec                      000000  000004  000004         0       0  CODE    
                ivt0x8                         000008  000016  00001E         4       0  CODE    
                bssCOMRAM                      000501  000056  000557       501       1  COMRAM  
                dataBANK5                      000560  000092  0005F2       560       1  BANK5   
                dataBANK6                      000600  000040  000640       600       1  BANK6   
                bssBANK7                       000700  000100  000800       700       1  BANK7   
                smallconst                     000E00  00003E  000E3E       700       0  SMALLCON
                text2                          000E3E  000B8C  0019CA       71F       0  CODE    


UNUSED ADDRESS RANGES

        Name                Unused          Largest block    Delta
        BANK10           000A00-000AFF              100
        BANK11           000B00-000BFF              100
        BANK12           000C00-000CFF              100
        BANK5            0005F2-0005FF                E
        BANK6            000640-0006FF               C0
        BANK8            000800-0008FF              100
        BANK9            000900-0009FF              100
        BIGRAM           000557-00055F                9
                         0005F2-0005FF                E
                         000640-0006FF               C0
                         000800-000CFF              500
        BIGSFR           000000-0004FF              500
                         000D00-000DFF              100
        CODE             000004-000007                4
                         00001E-000DFF              DE2
                         0019CA-007FFF             6636
        COMRAM           000557-00055F                9
        CONFIG           30001D-30001D                1
        CONST            000004-000007                4
                         00001E-000DFF              DE2
                         0019CA-007FFF             6636
        EEDATA           380000-3801FF              200
        IDLOC            200000-20003F               40
        MEDIUMCONST      0019CA-007FFF             6636
        RAM              0005F2-0005FF                E
                         000640-0006FF               C0
                         000800-000CFF              100
        SFR              000000-0004FF              100
                         000D00-000DFF              100
        SMALLCONST       0019CA-007FFF              100

                                  Symbol Table

?_updateStandbyVals                                cstackCOMRAM 000549
INT0_SetInterruptHandler@InterruptHandler          cstackCOMRAM 000549
INT1_SetInterruptHandler@InterruptHandler          cstackCOMRAM 000549
INT2_SetInterruptHandler@InterruptHandler          cstackCOMRAM 000549
IVTBASEH                                           (abs)        00045E
IVTBASEL                                           (abs)        00045D
IVTBASEU                                           (abs)        00045F
TMR0_OverflowCallbackRegister@CallbackHandler      cstackCOMRAM 000549
UART1_FramingErrorCallbackRegister@callbackHandler cstackCOMRAM 000549
UART1_OverrunErrorCallbackRegister@callbackHandler cstackCOMRAM 000549
UART1_ParityErrorCallbackRegister@callbackHandler  cstackCOMRAM 000549
UART1_ReceiveISR@regValue                          cstackCOMRAM 000545
UART1_ReceiveISR@tempRxHead                        cstackCOMRAM 000546
UART1_TransmitISR@tempTxTail                       cstackCOMRAM 000545
_ACTCON                                            (abs)        0000AC
_ANSELA                                            (abs)        000400
_ANSELB                                            (abs)        000408
_ANSELC                                            (abs)        000410
_ANSELE                                            (abs)        000420
_CLOCK_Initialize                                  text17       001956
_CurKey                                            bssCOMRAM    00052A
_DMA1PR                                            (abs)        0000B6
_DMASELECT                                         (abs)        0000E7
_DMA_Initialize                                    text20       001742
_DMAnCON0bits                                      (abs)        0000FB
_DMAnCON1bits                                      (abs)        0000FC
_DMAnDSA                                           (abs)        0000EF
_DMAnDSZ                                           (abs)        0000ED
_DMAnSIRQ                                          (abs)        0000FE
_DMAnSSA                                           (abs)        0000F8
_DMAnSSZ                                           (abs)        0000F6
_DMX_Initialize                                    text19       0016E8
_DMX_sync                                          text18       001970
_FSCMCON                                           (abs)        000458
_INLVLA                                            (abs)        000404
_INLVLB                                            (abs)        00040C
_INLVLC                                            (abs)        000414
_INLVLD                                            (abs)        00041C
_INLVLE                                            (abs)        000424
_INT0_DefaultInterruptHandler                      (abs)        000000
_INT0_InterruptHandler                             bssCOMRAM    000525
_INT0_SetInterruptHandler                          text16       0019B4
_INT1_DefaultInterruptHandler                      (abs)        000000
_INT1_InterruptHandler                             bssCOMRAM    000523
_INT1_SetInterruptHandler                          text15       0019AA
_INT2_DefaultInterruptHandler                      (abs)        000000
_INT2_InterruptHandler                             bssCOMRAM    000521
_INT2_SetInterruptHandler                          text14       0019A0
_INTCON0bits                                       (abs)        0004D6
_INTERRUPT_Initialize                              text13       001866
_INTERRUPT_InterruptManager                        text21       001412
_IOCAF                                             (abs)        000407
_IOCAN                                             (abs)        000406
_IOCAP                                             (abs)        000405
_IOCBF                                             (abs)        00040F
_IOCBN                                             (abs)        00040E
_IOCBP                                             (abs)        00040D
_IOCCF                                             (abs)        000417
_IOCCN                                             (abs)        000416
_IOCCP                                             (abs)        000415
_IOCDF                                             (abs)        00041F
_IOCDN                                             (abs)        00041E
_IOCDP                                             (abs)        00041D
_IOCEF                                             (abs)        000427
_IOCEN                                             (abs)        000426
_IOCEP                                             (abs)        000425
_IOCWF                                             (abs)        00043F
_IOCWN                                             (abs)        00043E
_IOCWP                                             (abs)        00043D
_LATA                                              (abs)        000140
_LATB                                              (abs)        000141
_LATC                                              (abs)        000142
_ODCONA                                            (abs)        000402
_ODCONB                                            (abs)        00040A
_ODCONC                                            (abs)        000412
_ODCOND                                            (abs)        00041A
_ODCONE                                            (abs)        000422
_OSCCON1                                           (abs)        0000AD
_OSCCON3                                           (abs)        0000AF
_OSCEN                                             (abs)        0000B3
_OSCENbits                                         (abs)        0000B3
_OSCFRQ                                            (abs)        0000B1
_OSCTUNE                                           (abs)        0000B0
_PIE3bits                                          (abs)        0004AD
_PIE4bits                                          (abs)        0004AE
_PIN_MANAGER_Initialize                            text12       001564
_PIR10bits                                         (abs)        0004C0
_PIR1bits                                          (abs)        0004B7
_PIR3bits                                          (abs)        0004B9
_PIR4bits                                          (abs)        0004BA
_PIR6bits                                          (abs)        0004BC
_PORTB                                             (abs)        000151
_PRLOCK                                            (abs)        0000B4
_PRLOCKbits                                        (abs)        0000B4
_PreKey                                            bssCOMRAM    00052B
_RA2                                               (abs)        000A82
_RB1I2C                                            (abs)        000286
_RB2I2C                                            (abs)        000287
_RC3I2C                                            (abs)        000284
_RC4                                               (abs)        000A94
_RC4I2C                                            (abs)        000285
_RC6PPS                                            (abs)        000217
_SLRCONA                                           (abs)        000403
_SLRCONB                                           (abs)        00040B
_SLRCONC                                           (abs)        000413
_SLRCOND                                           (abs)        00041B
_SLRCONE                                           (abs)        000423
_SYSTEM_Initialize                                 text4        00193C
_T0CON0                                            (abs)        00031A
_T0CON0bits                                        (abs)        00031A
_T0CON1                                            (abs)        00031B
_TMR0H                                             (abs)        000319
_TMR0L                                             (abs)        000318
_TMR0_DefaultOverflowCallback                      text27       0019C8
_TMR0_Initialize                                   text10       00189A
_TMR0_OverflowCallback                             nvCOMRAM     000555
_TMR0_OverflowCallbackRegister                     text11       001996
_TMR0_OverflowISR                                  text26       00182C
_TMR0_PeriodCountSet                               (abs)        000000
_TMR0_Start                                        (abs)        000000
_TMR0_Stop                                         (abs)        000000
_TRISA                                             (abs)        000148
_TRISB                                             (abs)        000149
_TRISC                                             (abs)        00014A
_TRISCbits                                         (abs)        00014A
_TRISE                                             (abs)        00014C
_Timer0                                            smallconst   000E31
_U1BRG                                             (abs)        0002C3
_U1BRGH                                            (abs)        0002C4
_U1BRGL                                            (abs)        0002C3
_U1CON0                                            (abs)        0002C0
_U1CON0bits                                        (abs)        0002C0
_U1CON1                                            (abs)        0002C1
_U1CON1bits                                        (abs)        0002C1
_U1CON2                                            (abs)        0002C2
_U1CON2bits                                        (abs)        0002C2
_U1ERRIE                                           (abs)        0002C8
_U1ERRIR                                           (abs)        0002C7
_U1ERRIRbits                                       (abs)        0002C7
_U1FIFO                                            (abs)        0002C5
_U1ON                                              (abs)        00160F
_U1P1                                              (abs)        0002BA
_U1P1H                                             (abs)        0002BB
_U1P1L                                             (abs)        0002BA
_U1P2                                              (abs)        0002BC
_U1P2H                                             (abs)        0002BD
_U1P2L                                             (abs)        0002BC
_U1P3                                              (abs)        0002BE
_U1P3H                                             (abs)        0002BF
_U1P3L                                             (abs)        0002BE
_U1RXB                                             (abs)        0002B6
_U1RXCHK                                           (abs)        0002B7
_U1RXPPS                                           (abs)        000272
_U1TXB                                             (abs)        0002B8
_U1TXCHK                                           (abs)        0002B9
_U1TXMTIF                                          (abs)        00163F
_U1UIR                                             (abs)        0002C6
_U1UIRbits                                         (abs)        0002C6
_UART1                                             smallconst   000E01
_UART1_AutoBaudQuery                               (abs)        000000
_UART1_AutoBaudSet                                 (abs)        000000
_UART1_DefaultFramingErrorCallback                 text25       0019C6
_UART1_DefaultOverrunErrorCallback                 text24       0019C4
_UART1_DefaultParityErrorCallback                  (abs)        000000
_UART1_Deinitialize                                (abs)        000000
_UART1_ErrorGet                                    (abs)        000000
_UART1_FramingErrorCallbackRegister                text9        001920
_UART1_FramingErrorHandler                         bssCOMRAM    00051B
_UART1_Initialize                                  text6        0015FA
_UART1_IsRxReady                                   (abs)        000000
_UART1_IsTxDone                                    (abs)        000000
_UART1_IsTxReady                                   (abs)        000000
_UART1_OverrunErrorCallbackRegister                text8        001904
_UART1_OverrunErrorHandler                         bssCOMRAM    000519
_UART1_ParityErrorCallbackRegister                 text7        0018E8
_UART1_ParityErrorHandler                          bssCOMRAM    000517
_UART1_Read                                        (abs)        000000
_UART1_ReceiveISR                                  text23       00132A
_UART1_RxCompleteCallbackRegister                  (abs)        000000
_UART1_RxCompleteInterruptHandler                  bssCOMRAM    000513
_UART1_RxInterruptHandler                          nvBANK5      0005EE
_UART1_TransmitDisable                             (abs)        000000
_UART1_TransmitEnable                              (abs)        000000
_UART1_TransmitISR                                 text22       0018CA
_UART1_TxCompleteCallbackRegister                  (abs)        000000
_UART1_TxCompleteInterruptHandler                  bssCOMRAM    000515
_UART1_TxInterruptHandler                          nvBANK5      0005F0
_UART1_Write                                       (abs)        000000
_VDDIO2CON                                         (abs)        00010D
_VDDIO2CONbits                                     (abs)        00010D
_VDDIO2_Initialize                                 text5        0019BE
_WPUA                                              (abs)        000401
_WPUB                                              (abs)        000409
_WPUC                                              (abs)        000411
_WPUD                                              (abs)        000419
_WPUE                                              (abs)        000421
__HRAM                                             (abs)        000000
__H__absolute__                                    __absolute__ 000000
__Habs1                                            abs1         000000
__Hbank10                                          bank10       000000
__Hbank11                                          bank11       000000
__Hbank12                                          bank12       000000
__Hbank5                                           bank5        000000
__Hbank6                                           bank6        000000
__Hbank7                                           bank7        000000
__Hbank8                                           bank8        000000
__Hbank9                                           bank9        000000
__Hbigbss                                          bigbss       000000
__Hbigdata                                         bigdata      000000
__Hbigram                                          bigram       000000
__Hbigsfr                                          bigsfr       000000
__Hbss                                             bss          000000
__HbssBANK5                                        bssBANK5     000000
__HbssBANK7                                        bssBANK7     000000
__HbssCOMRAM                                       bssCOMRAM    000000
__Hcinit                                           cinit        000000
__Hclrtext                                         clrtext      000000
__Hcomram                                          comram       000000
__Hconfig                                          config       30001D
__Hconst                                           const        000000
__HcstackBANK5                                     cstackBANK5  000000
__HcstackCOMRAM                                    cstackCOMRAM 000000
__Hdata                                            data         000000
__HdataBANK5                                       dataBANK5    000000
__HdataBANK6                                       dataBANK6    000000
__HdataCOMRAM                                      dataCOMRAM   000000
__Heeprom_data                                     eeprom_data  000000
__Hfarbss                                          farbss       000000
__Hfardata                                         fardata      000000
__Hheap                                            heap         000000
__Hibigdata                                        ibigdata     000000
__Hidata                                           idata        000000
__HidataBANK5                                      idataBANK5   000000
__HidataBANK6                                      idataBANK6   000000
__HidataCOMRAM                                     idataCOMRAM  000000
__Hidloc                                           idloc        000000
__Hifardata                                        ifardata     000000
__Hinit                                            init         00001E
__Hintsave_regs                                    intsave_regs 000000
__Hirdata                                          irdata       000000
__Hivt0x8                                          ivt0x8       00001A
__Hmediumconst                                     mediumconst  000000
__HnvBANK5                                         nvBANK5      000000
__HnvCOMRAM                                        nvCOMRAM     000000
__HnvFARRAM                                        nvFARRAM     000000
__Hnvbit                                           nvbit        000000
__Hnvrram                                          nvrram       000000
__Hparam                                           rparam       000000
__Hpowerup                                         powerup      000000
__Hram                                             ram          000000
__Hramtop                                          ramtop       000E00
__Hrbit                                            rbit         000000
__Hrbss                                            rbss         000000
__Hrdata                                           rdata        000000
__Hreset_vec                                       reset_vec    000004
__Hrparam                                          rparam       000000
__Hsfr                                             sfr          000000
__Hsmallconst                                      smallconst   000E3E
__Hspace_0                                         (abs)        0019CA
__Hspace_1                                         (abs)        000800
__Hspace_2                                         (abs)        000000
__Hspace_4                                         (abs)        60001D
__Hstack                                           stack        000000
__Hstruct                                          struct       000000
__Htemp                                            temp         000000
__Htext                                            text         000000
__Htext0                                           text0        000000
__Htext1                                           text1        000000
__Htext10                                          text10       000000
__Htext11                                          text11       000000
__Htext12                                          text12       000000
__Htext13                                          text13       000000
__Htext14                                          text14       000000
__Htext15                                          text15       000000
__Htext16                                          text16       000000
__Htext17                                          text17       000000
__Htext18                                          text18       000000
__Htext19                                          text19       000000
__Htext2                                           text2        000000
__Htext20                                          text20       000000
__Htext21                                          text21       000000
__Htext22                                          text22       000000
__Htext23                                          text23       000000
__Htext24                                          text24       000000
__Htext25                                          text25       000000
__Htext26                                          text26       000000
__Htext27                                          text27       000000
__Htext3                                           text3        000000
__Htext4                                           text4        000000
__Htext5                                           text5        000000
__Htext6                                           text6        000000
__Htext7                                           text7        000000
__Htext8                                           text8        000000
__Htext9                                           text9        000000
__LRAM                                             (abs)        000001
__L__absolute__                                    __absolute__ 000000
__Labs1                                            abs1         000000
__Lbank10                                          bank10       000000
__Lbank11                                          bank11       000000
__Lbank12                                          bank12       000000
__Lbank5                                           bank5        000000
__Lbank6                                           bank6        000000
__Lbank7                                           bank7        000000
__Lbank8                                           bank8        000000
__Lbank9                                           bank9        000000
__Lbigbss                                          bigbss       000000
__Lbigdata                                         bigdata      000000
__Lbigram                                          bigram       000000
__Lbigsfr                                          bigsfr       000000
__Lbss                                             bss          000000
__LbssBANK5                                        bssBANK5     000000
__LbssBANK7                                        bssBANK7     000000
__LbssCOMRAM                                       bssCOMRAM    000000
__Lcinit                                           cinit        000000
__Lclrtext                                         clrtext      000000
__Lcomram                                          comram       000000
__Lconfig                                          config       000000
__Lconst                                           const        000000
__LcstackBANK5                                     cstackBANK5  000000
__LcstackCOMRAM                                    cstackCOMRAM 000000
__Ldata                                            data         000000
__LdataBANK5                                       dataBANK5    000000
__LdataBANK6                                       dataBANK6    000000
__LdataCOMRAM                                      dataCOMRAM   000000
__Leeprom_data                                     eeprom_data  000000
__Lfarbss                                          farbss       000000
__Lfardata                                         fardata      000000
__Lheap                                            heap         000000
__Libigdata                                        ibigdata     000000
__Lidata                                           idata        000000
__LidataBANK5                                      idataBANK5   000000
__LidataBANK6                                      idataBANK6   000000
__LidataCOMRAM                                     idataCOMRAM  000000
__Lidloc                                           idloc        000000
__Lifardata                                        ifardata     000000
__Linit                                            init         00001A
__Lintsave_regs                                    intsave_regs 000000
__Lirdata                                          irdata       000000
__Livt0x8                                          ivt0x8       000008
__Lmediumconst                                     mediumconst  000000
__LnvBANK5                                         nvBANK5      000000
__LnvCOMRAM                                        nvCOMRAM     000000
__LnvFARRAM                                        nvFARRAM     000000
__Lnvbit                                           nvbit        000000
__Lnvrram                                          nvrram       000000
__Lparam                                           rparam       000000
__Lpowerup                                         powerup      000000
__Lram                                             ram          000000
__Lramtop                                          ramtop       000E00
__Lrbit                                            rbit         000000
__Lrbss                                            rbss         000000
__Lrdata                                           rdata        000000
__Lreset_vec                                       reset_vec    000000
__Lrparam                                          rparam       000000
__Lsfr                                             sfr          000000
__Lsmallconst                                      smallconst   000E00
__Lspace_0                                         (abs)        000000
__Lspace_1                                         (abs)        000000
__Lspace_2                                         (abs)        000000
__Lspace_4                                         (abs)        000000
__Lstack                                           stack        000000
__Lstruct                                          struct       000000
__Ltemp                                            temp         000000
__Ltext                                            text         000000
__Ltext0                                           text0        000000
__Ltext1                                           text1        000000
__Ltext10                                          text10       000000
__Ltext11                                          text11       000000
__Ltext12                                          text12       000000
__Ltext13                                          text13       000000
__Ltext14                                          text14       000000
__Ltext15                                          text15       000000
__Ltext16                                          text16       000000
__Ltext17                                          text17       000000
__Ltext18                                          text18       000000
__Ltext19                                          text19       000000
__Ltext2                                           text2        000000
__Ltext20                                          text20       000000
__Ltext21                                          text21       000000
__Ltext22                                          text22       000000
__Ltext23                                          text23       000000
__Ltext24                                          text24       000000
__Ltext25                                          text25       000000
__Ltext26                                          text26       000000
__Ltext27                                          text27       000000
__Ltext3                                           text3        000000
__Ltext4                                           text4        000000
__Ltext5                                           text5        000000
__Ltext6                                           text6        000000
__Ltext7                                           text7        000000
__Ltext8                                           text8        000000
__Ltext9                                           text9        000000
__S0                                               (abs)        0019CA
__S1                                               (abs)        000800
__S4                                               (abs)        000000
__S5                                               (abs)        000000
___heap_hi                                         (abs)        000000
___heap_lo                                         (abs)        000000
___inthi_sp                                        stack        000000
___inthi_stack_hi                                  stack        000000
___inthi_stack_lo                                  stack        000000
___intlo_sp                                        stack        000000
___intlo_stack_hi                                  stack        000000
___intlo_stack_lo                                  stack        000000
___param_bank                                      (abs)        000000
___rparam_used                                     (abs)        000001
___sp                                              stack        000000
___stack_hi                                        stack        000000
___stack_lo                                        stack        000000
__accesstop                                        (abs)        000560
__activetblptr                                     (abs)        000002
__end_of_CLOCK_Initialize                          text17       001970
__end_of_DMA_Initialize                            text20       001798
__end_of_DMX_Initialize                            text19       001742
__end_of_DMX_sync                                  text18       001986
__end_of_INT0_SetInterruptHandler                  text16       0019BE
__end_of_INT1_SetInterruptHandler                  text15       0019B4
__end_of_INT2_SetInterruptHandler                  text14       0019AA
__end_of_INTERRUPT_Initialize                      text13       00189A
__end_of_INTERRUPT_InterruptManager                text21       0014C0
__end_of_PIN_MANAGER_Initialize                    text12       0015FA
__end_of_SYSTEM_Initialize                         text4        001956
__end_of_TMR0_DefaultOverflowCallback              text27       0019CA
__end_of_TMR0_Initialize                           text10       0018CA
__end_of_TMR0_OverflowCallbackRegister             text11       0019A0
__end_of_TMR0_OverflowISR                          text26       001866
__end_of_Timer0                                    smallconst   000E3D
__end_of_UART1                                     smallconst   000E31
__end_of_UART1_DefaultFramingErrorCallback         text25       0019C8
__end_of_UART1_DefaultOverrunErrorCallback         text24       0019C6
__end_of_UART1_FramingErrorCallbackRegister        text9        00193C
__end_of_UART1_Initialize                          text6        001680
__end_of_UART1_OverrunErrorCallbackRegister        text8        001920
__end_of_UART1_ParityErrorCallbackRegister         text7        001904
__end_of_UART1_ReceiveISR                          text23       001412
__end_of_UART1_TransmitISR                         text22       0018E8
__end_of_VDDIO2_Initialize                         text5        0019C4
__end_of__initialization                           cinit        00155A
__end_of_main                                      text0        001226
__end_of_reactive                                  text3        0016E8
__end_of_standby                                   text1        00132A
__end_of_updateStandbyVals                         text2        001114
__initialization                                   cinit        0014C0
__mediumconst                                      mediumconst  000000
__pbssBANK5                                        bssBANK5     0005B4
__pbssBANK7                                        bssBANK7     000700
__pbssCOMRAM                                       bssCOMRAM    000501
__pcinit                                           cinit        0014C0
__pcstackBANK5                                     cstackBANK5  0005E5
__pcstackCOMRAM                                    cstackCOMRAM 000545
__pdataBANK5                                       dataBANK5    000560
__pdataBANK6                                       dataBANK6    000600
__pdataCOMRAM                                      dataCOMRAM   000535
__pidataBANK5                                      idataBANK5   001798
__pidataBANK6                                      idataBANK6   0017EC
__pidataCOMRAM                                     idataCOMRAM  001986
__pivt0x8                                          ivt0x8       000008
__pnvBANK5                                         nvBANK5      0005EE
__pnvCOMRAM                                        nvCOMRAM     000555
__psmallconst                                      smallconst   000E00
__ptext0                                           text0        001114
__ptext1                                           text1        001226
__ptext10                                          text10       00189A
__ptext11                                          text11       001996
__ptext12                                          text12       001564
__ptext13                                          text13       001866
__ptext14                                          text14       0019A0
__ptext15                                          text15       0019AA
__ptext16                                          text16       0019B4
__ptext17                                          text17       001956
__ptext18                                          text18       001970
__ptext19                                          text19       0016E8
__ptext2                                           text2        000E3E
__ptext20                                          text20       001742
__ptext21                                          text21       001412
__ptext22                                          text22       0018CA
__ptext23                                          text23       00132A
__ptext24                                          text24       0019C4
__ptext25                                          text25       0019C6
__ptext26                                          text26       00182C
__ptext27                                          text27       0019C8
__ptext3                                           text3        001680
__ptext4                                           text4        00193C
__ptext5                                           text5        0019BE
__ptext6                                           text6        0015FA
__ptext7                                           text7        0018E8
__ptext8                                           text8        001904
__ptext9                                           text9        001920
__ramtop                                           ramtop       000E00
__smallconst                                       smallconst   000E00
_arr                                               dataBANK5    000588
_blue1                                             dataBANK5    0005A0
_dim                                               bssCOMRAM    000528
_dmxData                                           bssBANK5     0005BC
_green                                             dataCOMRAM   000539
_green1                                            dataBANK5    0005A4
_main                                              text0        001114
_mode                                              bssCOMRAM    00052E
_nam1                                              dataBANK5    00059C
_num                                               bssCOMRAM    000511
_orange1                                           dataBANK5    0005AC
_purple1                                           dataBANK5    000598
_rainbow3                                          dataBANK6    000600
_reactive                                          text3        001680
_red                                               dataCOMRAM   000541
_red1                                              dataBANK5    0005B0
_standby                                           text1        001226
_standbyLed                                        dataCOMRAM   000535
_timerTMR0ReloadVal16bit                           bssCOMRAM    00051F
_u8rotationValue                                   bssCOMRAM    000529
_uart1RxBuffer                                     bssBANK5     0005B4
_uart1RxCount                                      bssCOMRAM    00052F
_uart1RxHead                                       bssCOMRAM    000531
_uart1RxLastError                                  bssCOMRAM    00051D
_uart1RxStatusBuffer                               bssCOMRAM    000501
_uart1RxTail                                       bssCOMRAM    000530
_uart1TxBuffer                                     bssBANK7     000700
_uart1TxBufferRemaining                            bssCOMRAM    000532
_uart1TxHead                                       bssCOMRAM    000534
_uart1TxTail                                       bssCOMRAM    000533
_updateStandbyVals                                 text2        000E3E
_yellow                                            dataCOMRAM   00053D
_yellow1                                           dataBANK5    0005A8
end_of_initialization                              cinit        00155A
intlevel0                                          text         000000
intlevel1                                          text         000000
intlevel2                                          text         000000
intlevel3                                          text         000000
isa$std                                            (abs)        000001
isa$xinst                                          (abs)        000000
ivt0x8_base                                        ivt0x8       000008
main@leds                                          cstackBANK5  0005E6
main@mode                                          cstackBANK5  0005E5
reactive@i                                         cstackCOMRAM 000549
reactive@index                                     cstackCOMRAM 00054A
stackhi                                            (abs)        000000
stacklo                                            (abs)        000000
standby@i                                          cstackCOMRAM 000552
standby@index                                      cstackCOMRAM 000551
standby@standbyVals                                dataBANK5    000560
standby@standby_delay_counter                      bssCOMRAM    00052C
start                                              init         00001A
start_initialization                               cinit        0014C0
updateStandbyVals@b                                cstackCOMRAM 000550
updateStandbyVals@currentVals                      cstackCOMRAM 000549
updateStandbyVals@g                                cstackCOMRAM 00054F
updateStandbyVals@r                                cstackCOMRAM 00054E
updateStandbyVals@w                                cstackCOMRAM 00054D


MODULE INFORMATION

Module		Function		Class		Link	Load	Size
dma.c
		_DMA_Initialize		CODE           	1742	0000	86

dma.c estimated size: 86

mcc_generated_files/system/src/mvio/vddio2.c
		_VDDIO2_Initialize		CODE           	19BE	0000	6

mcc_generated_files/system/src/mvio/vddio2.c estimated size: 6

mcc_generated_files/system/src/interrupt.c
		_INT0_SetInterruptHandler		CODE           	19B4	0000	10
		_INT1_SetInterruptHandler		CODE           	19AA	0000	10
		_INT2_SetInterruptHandler		CODE           	19A0	0000	10
		_INTERRUPT_Initialize		CODE           	1866	0000	52
		_INTERRUPT_InterruptManager		CODE           	1412	0000	174

mcc_generated_files/system/src/interrupt.c estimated size: 256

mcc_generated_files/uart/src/uart1.c
		_UART1_DefaultOverrunErrorCallback		CODE           	19C4	0000	2
		_UART1_FramingErrorCallbackRegister		CODE           	1920	0000	28
		_UART1_OverrunErrorCallbackRegister		CODE           	1904	0000	28
		_UART1_ReceiveISR		CODE           	132A	0000	232
		_UART1_Initialize		CODE           	15FA	0000	134
		_UART1_DefaultFramingErrorCallback		CODE           	19C6	0000	2
		_UART1_TransmitISR		CODE           	18CA	0000	30
		_UART1_ParityErrorCallbackRegister		CODE           	18E8	0000	28

mcc_generated_files/uart/src/uart1.c estimated size: 484

mcc_generated_files/system/src/pins.c
		_PIN_MANAGER_Initialize		CODE           	1564	0000	150

mcc_generated_files/system/src/pins.c estimated size: 150

shared
		__initialization		CODE           	14C0	0000	154
		_UART1         		SMALLCONST     	0E01	0000	48
		_Timer0        		SMALLCONST     	0E31	0000	12

shared estimated size: 214

mcc_generated_files/system/src/clock.c
		_CLOCK_Initialize		CODE           	1956	0000	26

mcc_generated_files/system/src/clock.c estimated size: 26

mcc_generated_files/timer/src/tmr0.c
		_TMR0_OverflowCallbackRegister		CODE           	1996	0000	10
		_TMR0_DefaultOverflowCallback		CODE           	19C8	0000	2
		_TMR0_OverflowISR		CODE           	182C	0000	58
		_TMR0_Initialize		CODE           	189A	0000	48

mcc_generated_files/timer/src/tmr0.c estimated size: 118

dmx.c
		_DMX_Initialize		CODE           	16E8	0000	90
		_DMX_sync      		CODE           	1970	0000	22

dmx.c estimated size: 112

main.c
		_main          		CODE           	1114	0000	274
		_reactive      		CODE           	1680	0000	104
		_updateStandbyVals		CODE           	0E3E	0000	726
		_standby       		CODE           	1226	0000	260

main.c estimated size: 1364

mcc_generated_files/system/src/system.c
		_SYSTEM_Initialize		CODE           	193C	0000	26

mcc_generated_files/system/src/system.c estimated size: 26

